00:00 +0: loading /Users/pretermodernist/StyleSync/test/secure_storage_service_test.dart
00:00 +0: /Users/pretermodernist/StyleSync/test/secure_storage_service_test.dart: SecureStorageServiceImpl write calls storage.write
00:00 +1: /Users/pretermodernist/StyleSync/test/secure_storage_service_test.dart: SecureStorageServiceImpl read calls storage.read
00:00 +2: /Users/pretermodernist/StyleSync/test/secure_storage_service_test.dart: SecureStorageServiceImpl read returns null when key not found
00:00 +3: /Users/pretermodernist/StyleSync/test/secure_storage_service_test.dart: SecureStorageServiceImpl delete calls storage.delete
00:00 +4: /Users/pretermodernist/StyleSync/test/secure_storage_service_test.dart: SecureStorageServiceImpl deleteAll calls storage.deleteAll
00:00 +5: /Users/pretermodernist/StyleSync/test/core/auth/auth_models_test.dart: UserProfile should create a valid user profile
00:00 +6: /Users/pretermodernist/StyleSync/test/core/auth/auth_models_test.dart: UserProfile should convert to and from map
00:00 +7: /Users/pretermodernist/StyleSync/test/core/auth/auth_models_test.dart: UserProfile should copy with updated fields
00:00 +8: /Users/pretermodernist/StyleSync/test/core/auth/auth_models_test.dart: UserProfile should allow setting dateOfBirth via copyWith
00:00 +9: /Users/pretermodernist/StyleSync/test/core/auth/auth_models_test.dart: UserProfile should preserve dateOfBirth when not specified in copyWith
00:00 +10: /Users/pretermodernist/StyleSync/test/core/auth/auth_models_test.dart: UserProfile should clear dateOfBirth when clearDateOfBirth is true
00:00 +11: /Users/pretermodernist/StyleSync/test/core/auth/auth_models_test.dart: UserProfile should not clear dateOfBirth when clearDateOfBirth is false
00:00 +12: /Users/pretermodernist/StyleSync/test/core/auth/auth_models_test.dart: UserProfile dateOfBirth parameter takes precedence over clearDateOfBirth
00:00 +13: /Users/pretermodernist/StyleSync/test/core/auth/auth_models_test.dart: AuthError should create an error with message
00:00 +14: /Users/pretermodernist/StyleSync/test/core/auth/auth_models_test.dart: AuthError should create an error with message and code
00:00 +15: /Users/pretermodernist/StyleSync/test/core/auth/auth_models_test.dart: AuthError should have proper toString
00:00 +16: /Users/pretermodernist/StyleSync/test/core/auth/auth_models_test.dart: AuthError should have proper toString when code is null
00:00 +17: /Users/pretermodernist/StyleSync/test/core/auth/auth_models_test.dart: AuthUser should create a user with required id
00:00 +18: /Users/pretermodernist/StyleSync/test/core/auth/auth_models_test.dart: AuthUser should create a user with all fields
00:00 +19: /Users/pretermodernist/StyleSync/test/core/auth/auth_models_test.dart: AuthUser should implement equality
00:00 +20: /Users/pretermodernist/StyleSync/test/core/auth/auth_models_test.dart: AuthUser should have consistent hashCode
00:00 +21: /Users/pretermodernist/StyleSync/test/core/auth/auth_models_test.dart: AuthUser should have proper toString
00:00 +22: /Users/pretermodernist/StyleSync/test/core/auth/age_verification_service_test.dart: AgeVerificationLogic should calculate age correctly for 20 year old
00:00 +23: /Users/pretermodernist/StyleSync/test/core/auth/age_verification_service_test.dart: AgeVerificationLogic should calculate age correctly for 18 year old (exact)
00:00 +24: /Users/pretermodernist/StyleSync/test/core/auth/age_verification_service_test.dart: AgeVerificationLogic should calculate age correctly for 18 year old (birthday passed)
00:00 +25: /Users/pretermodernist/StyleSync/test/core/auth/age_verification_service_test.dart: AgeVerificationLogic should calculate age correctly for 15 year old
00:00 +26: /Users/pretermodernist/StyleSync/test/core/auth/age_verification_service_test.dart: AgeVerificationLogic should calculate age correctly when birthday has not occurred yet
00:00 +27: /Users/pretermodernist/StyleSync/test/core/auth/age_verification_service_test.dart: AgeVerificationLogic Edge Case Tests should handle Feb 29 birthday on non-leap year (evaluated on Feb 28)
00:00 +28: /Users/pretermodernist/StyleSync/test/core/auth/age_verification_service_test.dart: AgeVerificationLogic Edge Case Tests should handle Feb 29 birthday on non-leap year (evaluated on Mar 1)
00:00 +29: /Users/pretermodernist/StyleSync/test/core/auth/age_verification_service_test.dart: AgeVerificationLogic Edge Case Tests should handle year-boundary transition (Dec 31 birthday, Jan 1 reference)
00:00 +30: /Users/pretermodernist/StyleSync/test/core/auth/age_verification_service_test.dart: AgeVerificationLogic Edge Case Tests should handle year-boundary transition (Jan 1 birthday, Dec 31 reference)
00:00 +31: /Users/pretermodernist/StyleSync/test/core/auth/age_verification_service_test.dart: AgeVerificationLogic Input Validation Tests should throw ArgumentError when date of birth is in the future
00:00 +32: /Users/pretermodernist/StyleSync/test/core/auth/age_verification_service_test.dart: AgeVerificationLogic Input Validation Tests should throw ArgumentError when age is unreasonable (>150 years)
00:00 +33: /Users/pretermodernist/StyleSync/test/core/auth/age_verification_service_test.dart: AgeVerificationLogic Input Validation Tests should throw ArgumentError when date is before 1900
00:00 +34: /Users/pretermodernist/StyleSync/test/core/auth/age_verification_service_test.dart: AgeVerificationLogic Input Validation Tests should throw ArgumentError when reference date is too far in future
00:00 +35: /Users/pretermodernist/StyleSync/test/core/auth/age_verification_service_test.dart: AgeVerificationLogic Input Validation Tests should accept reference date within 1 day in future
00:00 +36: /Users/pretermodernist/StyleSync/test/core/auth/age_verification_service_db_test.dart: clearCooldown should use set with merge: true to clear cooldown
00:00 +37: /Users/pretermodernist/StyleSync/test/core/auth/age_verification_service_db_test.dart: clearCooldown should throw AuthError when set fails
00:00 +38: /Users/pretermodernist/StyleSync/test/core/auth/age_verification_service_db_test.dart: verify18PlusSelfReported should throw AuthError for future date
00:00 +39: /Users/pretermodernist/StyleSync/test/core/auth/age_verification_service_db_test.dart: verify18PlusSelfReported should return true for 18+ and not record cooldown
00:00 +40: /Users/pretermodernist/StyleSync/test/core/auth/age_verification_service_db_test.dart: verify18PlusSelfReported should throw AuthError and record cooldown for under 18
00:00 +41: /Users/pretermodernist/StyleSync/test/core/auth/age_verification_service_db_test.dart: verify18PlusSelfReported should throw AuthError if cooldown is active
00:00 +42: /Users/pretermodernist/StyleSync/test/core/auth/age_verification_service_db_test.dart: initiateThirdPartyVerification should use set with merge: true for initiation
00:00 +43: /Users/pretermodernist/StyleSync/test/core/auth/age_verification_service_db_test.dart: initiateThirdPartyVerification should throw AuthError with diagnostics on failure
00:01 +44: /Users/pretermodernist/StyleSync/test/core/auth/auth_service_social_test.dart: AuthService Social Auth signInWithGoogle throws AuthError.notImplemented
00:01 +45: /Users/pretermodernist/StyleSync/test/core/auth/auth_service_social_test.dart: AuthService Social Auth signInWithApple throws AuthError.notImplemented
lib/core/auth/auth_providers.dart:59:33: Error: Type 'StateNotifier' not found.
class AuthStateNotifier extends StateNotifier<AuthState> {
                                ^^^^^^^^^^^^^
lib/core/auth/auth_providers.dart:284:5: Error: Method not found: 'StateNotifierProvider'.
    StateNotifierProvider<AuthStateNotifier, AuthState>((ref) {
    ^^^^^^^^^^^^^^^^^^^^^
lib/core/auth/auth_providers.dart:73:11: Error: The setter 'state' isn't defined for the type 'AuthStateNotifier'.
 - 'AuthStateNotifier' is from 'package:stylesync/core/auth/auth_providers.dart' ('lib/core/auth/auth_providers.dart').
Try correcting the name to the name of an existing setter, or defining a setter or field named 'state'.
          state = AuthState.authenticated(profile);
          ^^^^^
lib/core/auth/auth_providers.dart:75:11: Error: The setter 'state' isn't defined for the type 'AuthStateNotifier'.
 - 'AuthStateNotifier' is from 'package:stylesync/core/auth/auth_providers.dart' ('lib/core/auth/auth_providers.dart').
Try correcting the name to the name of an existing setter, or defining a setter or field named 'state'.
          state = const AuthState.unauthenticated();
          ^^^^^
lib/core/auth/auth_providers.dart:78:9: Error: The setter 'state' isn't defined for the type 'AuthStateNotifier'.
 - 'AuthStateNotifier' is from 'package:stylesync/core/auth/auth_providers.dart' ('lib/core/auth/auth_providers.dart').
Try correcting the name to the name of an existing setter, or defining a setter or field named 'state'.
        state = const AuthState.unauthenticated();
        ^^^^^
lib/core/auth/auth_providers.dart:81:7: Error: The setter 'state' isn't defined for the type 'AuthStateNotifier'.
 - 'AuthStateNotifier' is from 'package:stylesync/core/auth/auth_providers.dart' ('lib/core/auth/auth_providers.dart').
Try correcting the name to the name of an existing setter, or defining a setter or field named 'state'.
      state = AuthState.error(e.toString());
      ^^^^^
lib/core/auth/auth_providers.dart:87:5: Error: The setter 'state' isn't defined for the type 'AuthStateNotifier'.
 - 'AuthStateNotifier' is from 'package:stylesync/core/auth/auth_providers.dart' ('lib/core/auth/auth_providers.dart').
Try correcting the name to the name of an existing setter, or defining a setter or field named 'state'.
    state = const AuthState.loading();
    ^^^^^
lib/core/auth/auth_providers.dart:90:7: Error: The setter 'state' isn't defined for the type 'AuthStateNotifier'.
 - 'AuthStateNotifier' is from 'package:stylesync/core/auth/auth_providers.dart' ('lib/core/auth/auth_providers.dart').
Try correcting the name to the name of an existing setter, or defining a setter or field named 'state'.
      state = AuthState.authenticated(profile);
      ^^^^^
lib/core/auth/auth_providers.dart:92:7: Error: The setter 'state' isn't defined for the type 'AuthStateNotifier'.
 - 'AuthStateNotifier' is from 'package:stylesync/core/auth/auth_providers.dart' ('lib/core/auth/auth_providers.dart').
Try correcting the name to the name of an existing setter, or defining a setter or field named 'state'.
      state = AuthState.error(e.toString());
      ^^^^^
lib/core/auth/auth_providers.dart:102:5: Error: The setter 'state' isn't defined for the type 'AuthStateNotifier'.
 - 'AuthStateNotifier' is from 'package:stylesync/core/auth/auth_providers.dart' ('lib/core/auth/auth_providers.dart').
Try correcting the name to the name of an existing setter, or defining a setter or field named 'state'.
    state = const AuthState.loading();
    ^^^^^
lib/core/auth/auth_providers.dart:109:7: Error: The setter 'state' isn't defined for the type 'AuthStateNotifier'.
 - 'AuthStateNotifier' is from 'package:stylesync/core/auth/auth_providers.dart' ('lib/core/auth/auth_providers.dart').
Try correcting the name to the name of an existing setter, or defining a setter or field named 'state'.
      state = AuthState.authenticated(profile);
      ^^^^^
lib/core/auth/auth_providers.dart:111:7: Error: The setter 'state' isn't defined for the type 'AuthStateNotifier'.
 - 'AuthStateNotifier' is from 'package:stylesync/core/auth/auth_providers.dart' ('lib/core/auth/auth_providers.dart').
Try correcting the name to the name of an existing setter, or defining a setter or field named 'state'.
      state = AuthState.error(e.toString());
      ^^^^^
lib/core/auth/auth_providers.dart:117:18: Error: The getter 'state' isn't defined for the type 'AuthStateNotifier'.
 - 'AuthStateNotifier' is from 'package:stylesync/core/auth/auth_providers.dart' ('lib/core/auth/auth_providers.dart').
Try correcting the name to the name of an existing getter, or defining a getter or field named 'state'.
    final prev = state; // Capture current state before operation
                 ^^^^^
lib/core/auth/auth_providers.dart:118:5: Error: The setter 'state' isn't defined for the type 'AuthStateNotifier'.
 - 'AuthStateNotifier' is from 'package:stylesync/core/auth/auth_providers.dart' ('lib/core/auth/auth_providers.dart').
Try correcting the name to the name of an existing setter, or defining a setter or field named 'state'.
    state = const AuthState.loading();
    ^^^^^
lib/core/auth/auth_providers.dart:121:7: Error: The setter 'state' isn't defined for the type 'AuthStateNotifier'.
 - 'AuthStateNotifier' is from 'package:stylesync/core/auth/auth_providers.dart' ('lib/core/auth/auth_providers.dart').
Try correcting the name to the name of an existing setter, or defining a setter or field named 'state'.
      state = const AuthState.unauthenticated();
      ^^^^^
lib/core/auth/auth_providers.dart:125:9: Error: The setter 'state' isn't defined for the type 'AuthStateNotifier'.
 - 'AuthStateNotifier' is from 'package:stylesync/core/auth/auth_providers.dart' ('lib/core/auth/auth_providers.dart').
Try correcting the name to the name of an existing setter, or defining a setter or field named 'state'.
        state = prev.copyWith(errorMessage: e.toString());
        ^^^^^
lib/core/auth/auth_providers.dart:127:9: Error: The setter 'state' isn't defined for the type 'AuthStateNotifier'.
 - 'AuthStateNotifier' is from 'package:stylesync/core/auth/auth_providers.dart' ('lib/core/auth/auth_providers.dart').
Try correcting the name to the name of an existing setter, or defining a setter or field named 'state'.
        state = AuthState.error(e.toString());
        ^^^^^
lib/core/auth/auth_providers.dart:137:9: Error: The getter 'state' isn't defined for the type 'AuthStateNotifier'.
 - 'AuthStateNotifier' is from 'package:stylesync/core/auth/auth_providers.dart' ('lib/core/auth/auth_providers.dart').
Try correcting the name to the name of an existing getter, or defining a getter or field named 'state'.
    if (state.status != AuthStatus.authenticated || state.profile == null) {
        ^^^^^
lib/core/auth/auth_providers.dart:137:53: Error: The getter 'state' isn't defined for the type 'AuthStateNotifier'.
 - 'AuthStateNotifier' is from 'package:stylesync/core/auth/auth_providers.dart' ('lib/core/auth/auth_providers.dart').
Try correcting the name to the name of an existing getter, or defining a getter or field named 'state'.
    if (state.status != AuthStatus.authenticated || state.profile == null) {
                                                    ^^^^^
lib/core/auth/auth_providers.dart:138:7: Error: The setter 'state' isn't defined for the type 'AuthStateNotifier'.
 - 'AuthStateNotifier' is from 'package:stylesync/core/auth/auth_providers.dart' ('lib/core/auth/auth_providers.dart').
Try correcting the name to the name of an existing setter, or defining a setter or field named 'state'.
      state = const AuthState.unauthenticated().copyWith(
      ^^^^^
lib/core/auth/auth_providers.dart:154:9: Error: The setter 'state' isn't defined for the type 'AuthStateNotifier'.
 - 'AuthStateNotifier' is from 'package:stylesync/core/auth/auth_providers.dart' ('lib/core/auth/auth_providers.dart').
Try correcting the name to the name of an existing setter, or defining a setter or field named 'state'.
        state = AuthState.authenticated(
        ^^^^^
lib/core/auth/auth_providers.dart:161:15: Error: The getter 'state' isn't defined for the type 'AuthStateNotifier'.
 - 'AuthStateNotifier' is from 'package:stylesync/core/auth/auth_providers.dart' ('lib/core/auth/auth_providers.dart').
Try correcting the name to the name of an existing getter, or defining a getter or field named 'state'.
      state = state.copyWith(errorMessage: e.toString());
              ^^^^^
lib/core/auth/auth_providers.dart:161:7: Error: The setter 'state' isn't defined for the type 'AuthStateNotifier'.
 - 'AuthStateNotifier' is from 'package:stylesync/core/auth/auth_providers.dart' ('lib/core/auth/auth_providers.dart').
Try correcting the name to the name of an existing setter, or defining a setter or field named 'state'.
      state = state.copyWith(errorMessage: e.toString());
      ^^^^^
lib/core/auth/auth_providers.dart:173:9: Error: The setter 'state' isn't defined for the type 'AuthStateNotifier'.
 - 'AuthStateNotifier' is from 'package:stylesync/core/auth/auth_providers.dart' ('lib/core/auth/auth_providers.dart').
Try correcting the name to the name of an existing setter, or defining a setter or field named 'state'.
        state = AuthState.authenticated(
        ^^^^^
lib/core/auth/auth_providers.dart:180:15: Error: The getter 'state' isn't defined for the type 'AuthStateNotifier'.
 - 'AuthStateNotifier' is from 'package:stylesync/core/auth/auth_providers.dart' ('lib/core/auth/auth_providers.dart').
Try correcting the name to the name of an existing getter, or defining a getter or field named 'state'.
      state = state.copyWith(errorMessage: e.toString());
              ^^^^^
lib/core/auth/auth_providers.dart:180:7: Error: The setter 'state' isn't defined for the type 'AuthStateNotifier'.
 - 'AuthStateNotifier' is from 'package:stylesync/core/auth/auth_providers.dart' ('lib/core/auth/auth_providers.dart').
Try correcting the name to the name of an existing setter, or defining a setter or field named 'state'.
      state = state.copyWith(errorMessage: e.toString());
      ^^^^^
00:01 +46: /Users/pretermodernist/StyleSync/test/core/clothing/clothing_repository_test.dart: ClothingRepository Upload Flow uploadClothing returns failure when image file does not exist
00:01 +47: /Users/pretermodernist/StyleSync/test/core/clothing/clothing_repository_test.dart: ClothingRepository Upload Flow uploadClothing generates idempotency key when not provided
00:01 +48: /Users/pretermodernist/StyleSync/test/core/clothing/clothing_repository_test.dart: ClothingRepository Upload Flow uploadClothing uses provided idempotency key
00:01 +49: /Users/pretermodernist/StyleSync/test/core/clothing/clothing_repository_test.dart: ClothingRepository CRUD Operations getClothingItems returns empty list when no items exist
00:01 +50: /Users/pretermodernist/StyleSync/test/core/clothing/clothing_repository_test.dart: ClothingRepository CRUD Operations getClothingItem returns not found error when item does not exist
00:01 +51: /Users/pretermodernist/StyleSync/test/core/clothing/clothing_repository_test.dart: ClothingRepository CRUD Operations deleteClothing succeeds
00:01 +52: /Users/pretermodernist/StyleSync/test/core/clothing/clothing_repository_test.dart: ClothingRepository CRUD Operations retryProcessing returns failure for non-existent item
00:01 +53: /Users/pretermodernist/StyleSync/test/core/clothing/clothing_repository_test.dart: ClothingRepository Storage Quota getStorageQuota returns quota with correct limits
00:01 +54: /Users/pretermodernist/StyleSync/test/core/clothing/clothing_repository_properties_test.dart: Property 7: Storage Quota Enforcement storage quota is exceeded when itemCount >= maxItems
00:01 +55: /Users/pretermodernist/StyleSync/test/core/clothing/clothing_repository_properties_test.dart: Property 7: Storage Quota Enforcement storage quota is not exceeded when itemCount < maxItems
00:01 +56: /Users/pretermodernist/StyleSync/test/core/clothing/clothing_repository_properties_test.dart: Property 7: Storage Quota Enforcement storage quota is exceeded when bytesUsed >= maxBytes
00:01 +57: /Users/pretermodernist/StyleSync/test/core/clothing/clothing_repository_properties_test.dart: Property 7: Storage Quota Enforcement storage quota is not exceeded when within both limits
00:01 +58: /Users/pretermodernist/StyleSync/test/core/clothing/clothing_repository_properties_test.dart: Property 7: Storage Quota Enforcement storage quota copyWith updates itemCount correctly
00:01 +59: /Users/pretermodernist/StyleSync/test/core/clothing/clothing_repository_properties_test.dart: Property 7: Storage Quota Enforcement storage quota copyWith updates bytesUsed correctly
00:01 +60: /Users/pretermodernist/StyleSync/test/core/clothing/clothing_repository_properties_test.dart: Property 7: Storage Quota Enforcement storage quota JSON serialization round-trip
00:02 +61: /Users/pretermodernist/StyleSync/test/core/clothing/clothing_repository_properties_test.dart: Property 25: Clothing Item CRUD Consistency clothing item JSON serialization round-trip
00:02 +62: /Users/pretermodernist/StyleSync/test/core/clothing/clothing_repository_properties_test.dart: Property 25: Clothing Item CRUD Consistency clothing item copyWith updates fields correctly
00:02 +63: /Users/pretermodernist/StyleSync/test/core/clothing/clothing_repository_properties_test.dart: Property 25: Clothing Item CRUD Consistency clothing items with same data are equal
00:02 +64: /Users/pretermodernist/StyleSync/test/core/clothing/clothing_repository_properties_test.dart: Property 25: Clothing Item CRUD Consistency clothing items with different data are not equal
00:02 +65: /Users/pretermodernist/StyleSync/test/core/onboarding/onboarding_persistence_property_test.dart: Property 1: Onboarding Persistence Persistence after completion After markOnboardingComplete(), isOnboardingComplete() returns true (testing 100 inputs)
00:02 +65 -1: loading /Users/pretermodernist/StyleSync/test/byok_properties_test.dart [E]
  Failed to load "/Users/pretermodernist/StyleSync/test/byok_properties_test.dart":
  Compilation failed for testPath=/Users/pretermodernist/StyleSync/test/byok_properties_test.dart: lib/core/auth/auth_providers.dart:59:33: Error: Type 'StateNotifier' not found.
  class AuthStateNotifier extends StateNotifier<AuthState> {
                                  ^^^^^^^^^^^^^
  lib/core/auth/auth_providers.dart:284:5: Error: Method not found: 'StateNotifierProvider'.
      StateNotifierProvider<AuthStateNotifier, AuthState>((ref) {
      ^^^^^^^^^^^^^^^^^^^^^
  lib/core/auth/auth_providers.dart:73:11: Error: The setter 'state' isn't defined for the type 'AuthStateNotifier'.
   - 'AuthStateNotifier' is from 'package:stylesync/core/auth/auth_providers.dart' ('lib/core/auth/auth_providers.dart').
  Try correcting the name to the name of an existing setter, or defining a setter or field named 'state'.
            state = AuthState.authenticated(profile);
            ^^^^^
  lib/core/auth/auth_providers.dart:75:11: Error: The setter 'state' isn't defined for the type 'AuthStateNotifier'.
   - 'AuthStateNotifier' is from 'package:stylesync/core/auth/auth_providers.dart' ('lib/core/auth/auth_providers.dart').
  Try correcting the name to the name of an existing setter, or defining a setter or field named 'state'.
            state = const AuthState.unauthenticated();
            ^^^^^
  lib/core/auth/auth_providers.dart:78:9: Error: The setter 'state' isn't defined for the type 'AuthStateNotifier'.
   - 'AuthStateNotifier' is from 'package:stylesync/core/auth/auth_providers.dart' ('lib/core/auth/auth_providers.dart').
  Try correcting the name to the name of an existing setter, or defining a setter or field named 'state'.
          state = const AuthState.unauthenticated();
          ^^^^^
  lib/core/auth/auth_providers.dart:81:7: Error: The setter 'state' isn't defined for the type 'AuthStateNotifier'.
   - 'AuthStateNotifier' is from 'package:stylesync/core/auth/auth_providers.dart' ('lib/core/auth/auth_providers.dart').
  Try correcting the name to the name of an existing setter, or defining a setter or field named 'state'.
        state = AuthState.error(e.toString());
        ^^^^^
  lib/core/auth/auth_providers.dart:87:5: Error: The setter 'state' isn't defined for the type 'AuthStateNotifier'.
   - 'AuthStateNotifier' is from 'package:stylesync/core/auth/auth_providers.dart' ('lib/core/auth/auth_providers.dart').
  Try correcting the name to the name of an existing setter, or defining a setter or field named 'state'.
      state = const AuthState.loading();
      ^^^^^
  lib/core/auth/auth_providers.dart:90:7: Error: The setter 'state' isn't defined for the type 'AuthStateNotifier'.
   - 'AuthStateNotifier' is from 'package:stylesync/core/auth/auth_providers.dart' ('lib/core/auth/auth_providers.dart').
  Try correcting the name to the name of an existing setter, or defining a setter or field named 'state'.
        state = AuthState.authenticated(profile);
        ^^^^^
  lib/core/auth/auth_providers.dart:92:7: Error: The setter 'state' isn't defined for the type 'AuthStateNotifier'.
   - 'AuthStateNotifier' is from 'package:stylesync/core/auth/auth_providers.dart' ('lib/core/auth/auth_providers.dart').
  Try correcting the name to the name of an existing setter, or defining a setter or field named 'state'.
        state = AuthState.error(e.toString());
        ^^^^^
  lib/core/auth/auth_providers.dart:102:5: Error: The setter 'state' isn't defined for the type 'AuthStateNotifier'.
   - 'AuthStateNotifier' is from 'package:stylesync/core/auth/auth_providers.dart' ('lib/core/auth/auth_providers.dart').
  Try correcting the name to the name of an existing setter, or defining a setter or field named 'state'.
      state = const AuthState.loading();
      ^^^^^
  lib/core/auth/auth_providers.dart:109:7: Error: The setter 'state' isn't defined for the type 'AuthStateNotifier'.
   - 'AuthStateNotifier' is from 'package:stylesync/core/auth/auth_providers.dart' ('lib/core/auth/auth_providers.dart').
  Try correcting the name to the name of an existing setter, or defining a setter or field named 'state'.
        state = AuthState.authenticated(profile);
        ^^^^^
  lib/core/auth/auth_providers.dart:111:7: Error: The setter 'state' isn't defined for the type 'AuthStateNotifier'.
   - 'AuthStateNotifier' is from 'package:stylesync/core/auth/auth_providers.dart' ('lib/core/auth/auth_providers.dart').
  Try correcting the name to the name of an existing setter, or defining a setter or field named 'state'.
        state = AuthState.error(e.toString());
        ^^^^^
  lib/core/auth/auth_providers.dart:117:18: Error: The getter 'state' isn't defined for the type 'AuthStateNotifier'.
   - 'AuthStateNotifier' is from 'package:stylesync/core/auth/auth_providers.dart' ('lib/core/auth/auth_providers.dart').
  Try correcting the name to the name of an existing getter, or defining a getter or field named 'state'.
      final prev = state; // Capture current state before operation
                   ^^^^^
  lib/core/auth/auth_providers.dart:118:5: Error: The setter 'state' isn't defined for the type 'AuthStateNotifier'.
   - 'AuthStateNotifier' is from 'package:stylesync/core/auth/auth_providers.dart' ('lib/core/auth/auth_providers.dart').
  Try correcting the name to the name of an existing setter, or defining a setter or field named 'state'.
      state = const AuthState.loading();
      ^^^^^
  lib/core/auth/auth_providers.dart:121:7: Error: The setter 'state' isn't defined for the type 'AuthStateNotifier'.
   - 'AuthStateNotifier' is from 'package:stylesync/core/auth/auth_providers.dart' ('lib/core/auth/auth_providers.dart').
  Try correcting the name to the name of an existing setter, or defining a setter or field named 'state'.
        state = const AuthState.unauthenticated();
        ^^^^^
  lib/core/auth/auth_providers.dart:125:9: Error: The setter 'state' isn't defined for the type 'AuthStateNotifier'.
   - 'AuthStateNotifier' is from 'package:stylesync/core/auth/auth_providers.dart' ('lib/core/auth/auth_providers.dart').
  Try correcting the name to the name of an existing setter, or defining a setter or field named 'state'.
          state = prev.copyWith(errorMessage: e.toString());
          ^^^^^
  lib/core/auth/auth_providers.dart:127:9: Error: The setter 'state' isn't defined for the type 'AuthStateNotifier'.
   - 'AuthStateNotifier' is from 'package:stylesync/core/auth/auth_providers.dart' ('lib/core/auth/auth_providers.dart').
  Try correcting the name to the name of an existing setter, or defining a setter or field named 'state'.
          state = AuthState.error(e.toString());
          ^^^^^
  lib/core/auth/auth_providers.dart:137:9: Error: The getter 'state' isn't defined for the type 'AuthStateNotifier'.
   - 'AuthStateNotifier' is from 'package:stylesync/core/auth/auth_providers.dart' ('lib/core/auth/auth_providers.dart').
  Try correcting the name to the name of an existing getter, or defining a getter or field named 'state'.
      if (state.status != AuthStatus.authenticated || state.profile == null) {
          ^^^^^
  lib/core/auth/auth_providers.dart:137:53: Error: The getter 'state' isn't defined for the type 'AuthStateNotifier'.
   - 'AuthStateNotifier' is from 'package:stylesync/core/auth/auth_providers.dart' ('lib/core/auth/auth_providers.dart').
  Try correcting the name to the name of an existing getter, or defining a getter or field named 'state'.
      if (state.status != AuthStatus.authenticated || state.profile == null) {
                                                      ^^^^^
  lib/core/auth/auth_providers.dart:138:7: Error: The setter 'state' isn't defined for the type 'AuthStateNotifier'.
   - 'AuthStateNotifier' is from 'package:stylesync/core/auth/auth_providers.dart' ('lib/core/auth/auth_providers.dart').
  Try correcting the name to the name of an existing setter, or defining a setter or field named 'state'.
        state = const AuthState.unauthenticated().copyWith(
        ^^^^^
  lib/core/auth/auth_providers.dart:154:9: Error: The setter 'state' isn't defined for the type 'AuthStateNotifier'.
   - 'AuthStateNotifier' is from 'package:stylesync/core/auth/auth_providers.dart' ('lib/core/auth/auth_providers.dart').
  Try correcting the name to the name of an existing setter, or defining a setter or field named 'state'.
          state = AuthState.authenticated(
          ^^^^^
  lib/core/auth/auth_providers.dart:161:15: Error: The getter 'state' isn't defined for the type 'AuthStateNotifier'.
   - 'AuthStateNotifier' is from 'package:stylesync/core/auth/auth_providers.dart' ('lib/core/auth/auth_providers.dart').
  Try correcting the name to the name of an existing getter, or defining a getter or field named 'state'.
        state = state.copyWith(errorMessage: e.toString());
                ^^^^^
  lib/core/auth/auth_providers.dart:161:7: Error: The setter 'state' isn't defined for the type 'AuthStateNotifier'.
   - 'AuthStateNotifier' is from 'package:stylesync/core/auth/auth_providers.dart' ('lib/core/auth/auth_providers.dart').
  Try correcting the name to the name of an existing setter, or defining a setter or field named 'state'.
        state = state.copyWith(errorMessage: e.toString());
        ^^^^^
  lib/core/auth/auth_providers.dart:173:9: Error: The setter 'state' isn't defined for the type 'AuthStateNotifier'.
   - 'AuthStateNotifier' is from 'package:stylesync/core/auth/auth_providers.dart' ('lib/core/auth/auth_providers.dart').
  Try correcting the name to the name of an existing setter, or defining a setter or field named 'state'.
          state = AuthState.authenticated(
          ^^^^^
  lib/core/auth/auth_providers.dart:180:15: Error: The getter 'state' isn't defined for the type 'AuthStateNotifier'.
   - 'AuthStateNotifier' is from 'package:stylesync/core/auth/auth_providers.dart' ('lib/core/auth/auth_providers.dart').
  Try correcting the name to the name of an existing getter, or defining a getter or field named 'state'.
        state = state.copyWith(errorMessage: e.toString());
                ^^^^^
  lib/core/auth/auth_providers.dart:180:7: Error: The setter 'state' isn't defined for the type 'AuthStateNotifier'.
   - 'AuthStateNotifier' is from 'package:stylesync/core/auth/auth_providers.dart' ('lib/core/auth/auth_providers.dart').
  Try correcting the name to the name of an existing setter, or defining a setter or field named 'state'.
        state = state.copyWith(errorMessage: e.toString());
        ^^^^^
  .
00:02 +66 -1: /Users/pretermodernist/StyleSync/test/core/onboarding/onboarding_persistence_property_test.dart: Property 1: Onboarding Persistence Persistence after completion isOnboardingComplete() is consistent within same controller instance (testing 100 inputs)
00:02 +67 -1: /Users/pretermodernist/StyleSync/test/core/onboarding/onboarding_persistence_property_test.dart: Property 1: Onboarding Persistence Persistence across controller instances (simulated app restarts) Completion status persists across new controller instances (testing 100 inputs)
00:02 +68 -1: /Users/pretermodernist/StyleSync/test/core/onboarding/onboarding_persistence_property_test.dart: Property 1: Onboarding Persistence Persistence across controller instances (simulated app restarts) Incomplete status persists across new controller instances (testing 100 inputs)
00:02 +69 -1: /Users/pretermodernist/StyleSync/test/core/onboarding/onboarding_persistence_property_test.dart: Property 1: Onboarding Persistence Persistence across controller instances (simulated app restarts) State is correctly read by new controller after completion (testing 100 inputs)
00:02 +70 -1: /Users/pretermodernist/StyleSync/test/core/onboarding/onboarding_persistence_property_test.dart: Property 1: Onboarding Persistence Reset functionality After resetOnboarding(), isOnboardingComplete() returns false (testing 100 inputs)
00:02 +71 -1: /Users/pretermodernist/StyleSync/test/core/onboarding/onboarding_persistence_property_test.dart: Property 1: Onboarding Persistence Reset functionality Reset persists across controller instances (testing 100 inputs)
00:02 +72 -1: /Users/pretermodernist/StyleSync/test/core/onboarding/onboarding_persistence_property_test.dart: Property 1: Onboarding Persistence Reset functionality Can complete again after reset (testing 100 inputs)
00:02 +73 -1: /Users/pretermodernist/StyleSync/test/core/onboarding/onboarding_persistence_property_test.dart: Property 1: Onboarding Persistence Idempotency Calling markOnboardingComplete() multiple times has same effect as once (testing 100 inputs)
00:02 +74 -1: /Users/pretermodernist/StyleSync/test/core/onboarding/onboarding_persistence_property_test.dart: Property 1: Onboarding Persistence Idempotency Calling resetOnboarding() multiple times has same effect as once (testing 100 inputs)
00:02 +75 -1: /Users/pretermodernist/StyleSync/test/core/onboarding/onboarding_persistence_property_test.dart: Property 1: Onboarding Persistence Idempotency Final state depends only on last operation type (testing 100 inputs)
00:02 +76 -1: /Users/pretermodernist/StyleSync/test/core/onboarding/onboarding_persistence_property_test.dart: Property 1: Onboarding Persistence Initial state Fresh storage always starts with incomplete state (testing 100 inputs)
00:02 +77 -1: /Users/pretermodernist/StyleSync/test/core/onboarding/onboarding_persistence_property_test.dart: Property 1: Onboarding Persistence State transitions Complete -> Reset -> Complete cycle works correctly (testing 100 inputs)
00:02 +78 -1: /Users/pretermodernist/StyleSync/test/core/onboarding/onboarding_persistence_property_test.dart: Edge Cases isOnboardingComplete() returns false for fresh storage
00:02 +79 -1: /Users/pretermodernist/StyleSync/test/core/onboarding/onboarding_persistence_property_test.dart: Edge Cases markOnboardingComplete() followed by isOnboardingComplete() returns true
00:02 +80 -1: /Users/pretermodernist/StyleSync/test/core/onboarding/onboarding_persistence_property_test.dart: Edge Cases resetOnboarding() on fresh storage does not throw
00:02 +81 -1: /Users/pretermodernist/StyleSync/test/core/onboarding/onboarding_persistence_property_test.dart: Edge Cases Multiple controllers can coexist and see same state
00:02 +82 -1: /Users/pretermodernist/StyleSync/test/core/onboarding/onboarding_persistence_property_test.dart: Edge Cases Rapid state changes are handled correctly
00:04 +83 -1: /Users/pretermodernist/StyleSync/test/secure_storage_property_test.dart: SecureStorageServiceImpl Property Tests Backend selection based on platform
SecureStorage: Using Android Keystore (hardware-protected)
SecureStorage: Using iOS Keychain (Secure Enclave)
SecureStorage: Using software-backed storage
lib/core/onboarding/onboarding_providers.dart:61:39: Error: Type 'StateNotifier' not found.
class OnboardingStateNotifier extends StateNotifier<OnboardingState> {
                                      ^^^^^^^^^^^^^
lib/core/auth/auth_providers.dart:59:33: Error: Type 'StateNotifier' not found.
class AuthStateNotifier extends StateNotifier<AuthState> {
                                ^^^^^^^^^^^^^
lib/core/onboarding/onboarding_providers.dart:230:5: Error: Method not found: 'StateNotifierProvider'.
    StateNotifierProvider<OnboardingStateNotifier, OnboardingState>((ref) {
    ^^^^^^^^^^^^^^^^^^^^^
lib/core/auth/auth_providers.dart:284:5: Error: Method not found: 'StateNotifierProvider'.
    StateNotifierProvider<AuthStateNotifier, AuthState>((ref) {
    ^^^^^^^^^^^^^^^^^^^^^
test/features/onboarding/onboarding_screen_test.dart:47:5: Error: The setter 'state' isn't defined for the type 'TestOnboardingStateNotifier'.
 - 'TestOnboardingStateNotifier' is from 'test/features/onboarding/onboarding_screen_test.dart'.
Try correcting the name to the name of an existing setter, or defining a setter or field named 'state'.
    state = initialState;
    ^^^^^
lib/core/onboarding/onboarding_providers.dart:79:9: Error: The setter 'state' isn't defined for the type 'OnboardingStateNotifier'.
 - 'OnboardingStateNotifier' is from 'package:stylesync/core/onboarding/onboarding_providers.dart' ('lib/core/onboarding/onboarding_providers.dart').
Try correcting the name to the name of an existing setter, or defining a setter or field named 'state'.
        state = const OnboardingState.completed();
        ^^^^^
lib/core/onboarding/onboarding_providers.dart:84:7: Error: The setter 'state' isn't defined for the type 'OnboardingStateNotifier'.
 - 'OnboardingStateNotifier' is from 'package:stylesync/core/onboarding/onboarding_providers.dart' ('lib/core/onboarding/onboarding_providers.dart').
Try correcting the name to the name of an existing setter, or defining a setter or field named 'state'.
      state = OnboardingState.error(
      ^^^^^
lib/core/onboarding/onboarding_providers.dart:101:13: Error: The getter 'state' isn't defined for the type 'OnboardingStateNotifier'.
 - 'OnboardingStateNotifier' is from 'package:stylesync/core/onboarding/onboarding_providers.dart' ('lib/core/onboarding/onboarding_providers.dart').
Try correcting the name to the name of an existing getter, or defining a getter or field named 'state'.
    switch (state.currentStep) {
            ^^^^^
lib/core/onboarding/onboarding_providers.dart:103:17: Error: The getter 'state' isn't defined for the type 'OnboardingStateNotifier'.
 - 'OnboardingStateNotifier' is from 'package:stylesync/core/onboarding/onboarding_providers.dart' ('lib/core/onboarding/onboarding_providers.dart').
Try correcting the name to the name of an existing getter, or defining a getter or field named 'state'.
        state = state.copyWith(currentStep: OnboardingStep.tutorial);
                ^^^^^
lib/core/onboarding/onboarding_providers.dart:103:9: Error: The setter 'state' isn't defined for the type 'OnboardingStateNotifier'.
 - 'OnboardingStateNotifier' is from 'package:stylesync/core/onboarding/onboarding_providers.dart' ('lib/core/onboarding/onboarding_providers.dart').
Try correcting the name to the name of an existing setter, or defining a setter or field named 'state'.
        state = state.copyWith(currentStep: OnboardingStep.tutorial);
        ^^^^^
lib/core/onboarding/onboarding_providers.dart:106:17: Error: The getter 'state' isn't defined for the type 'OnboardingStateNotifier'.
 - 'OnboardingStateNotifier' is from 'package:stylesync/core/onboarding/onboarding_providers.dart' ('lib/core/onboarding/onboarding_providers.dart').
Try correcting the name to the name of an existing getter, or defining a getter or field named 'state'.
        state = state.copyWith(currentStep: OnboardingStep.apiKeyInput);
                ^^^^^
lib/core/onboarding/onboarding_providers.dart:106:9: Error: The setter 'state' isn't defined for the type 'OnboardingStateNotifier'.
 - 'OnboardingStateNotifier' is from 'package:stylesync/core/onboarding/onboarding_providers.dart' ('lib/core/onboarding/onboarding_providers.dart').
Try correcting the name to the name of an existing setter, or defining a setter or field named 'state'.
        state = state.copyWith(currentStep: OnboardingStep.apiKeyInput);
        ^^^^^
lib/core/onboarding/onboarding_providers.dart:111:11: Error: The setter 'state' isn't defined for the type 'OnboardingStateNotifier'.
 - 'OnboardingStateNotifier' is from 'package:stylesync/core/onboarding/onboarding_providers.dart' ('lib/core/onboarding/onboarding_providers.dart').
Try correcting the name to the name of an existing setter, or defining a setter or field named 'state'.
          state = const OnboardingState.completed();
          ^^^^^
lib/core/onboarding/onboarding_providers.dart:114:11: Error: The setter 'state' isn't defined for the type 'OnboardingStateNotifier'.
 - 'OnboardingStateNotifier' is from 'package:stylesync/core/onboarding/onboarding_providers.dart' ('lib/core/onboarding/onboarding_providers.dart').
Try correcting the name to the name of an existing setter, or defining a setter or field named 'state'.
          state = OnboardingState.error(
          ^^^^^
lib/core/onboarding/onboarding_providers.dart:135:13: Error: The getter 'state' isn't defined for the type 'OnboardingStateNotifier'.
 - 'OnboardingStateNotifier' is from 'package:stylesync/core/onboarding/onboarding_providers.dart' ('lib/core/onboarding/onboarding_providers.dart').
Try correcting the name to the name of an existing getter, or defining a getter or field named 'state'.
    switch (state.currentStep) {
            ^^^^^
lib/core/onboarding/onboarding_providers.dart:140:17: Error: The getter 'state' isn't defined for the type 'OnboardingStateNotifier'.
 - 'OnboardingStateNotifier' is from 'package:stylesync/core/onboarding/onboarding_providers.dart' ('lib/core/onboarding/onboarding_providers.dart').
Try correcting the name to the name of an existing getter, or defining a getter or field named 'state'.
        state = state.copyWith(currentStep: OnboardingStep.welcome);
                ^^^^^
lib/core/onboarding/onboarding_providers.dart:140:9: Error: The setter 'state' isn't defined for the type 'OnboardingStateNotifier'.
 - 'OnboardingStateNotifier' is from 'package:stylesync/core/onboarding/onboarding_providers.dart' ('lib/core/onboarding/onboarding_providers.dart').
Try correcting the name to the name of an existing setter, or defining a setter or field named 'state'.
        state = state.copyWith(currentStep: OnboardingStep.welcome);
        ^^^^^
lib/core/onboarding/onboarding_providers.dart:143:17: Error: The getter 'state' isn't defined for the type 'OnboardingStateNotifier'.
 - 'OnboardingStateNotifier' is from 'package:stylesync/core/onboarding/onboarding_providers.dart' ('lib/core/onboarding/onboarding_providers.dart').
Try correcting the name to the name of an existing getter, or defining a getter or field named 'state'.
        state = state.copyWith(currentStep: OnboardingStep.tutorial);
                ^^^^^
lib/core/onboarding/onboarding_providers.dart:143:9: Error: The setter 'state' isn't defined for the type 'OnboardingStateNotifier'.
 - 'OnboardingStateNotifier' is from 'package:stylesync/core/onboarding/onboarding_providers.dart' ('lib/core/onboarding/onboarding_providers.dart').
Try correcting the name to the name of an existing setter, or defining a setter or field named 'state'.
        state = state.copyWith(currentStep: OnboardingStep.tutorial);
        ^^^^^
lib/core/onboarding/onboarding_providers.dart:162:7: Error: The setter 'state' isn't defined for the type 'OnboardingStateNotifier'.
 - 'OnboardingStateNotifier' is from 'package:stylesync/core/onboarding/onboarding_providers.dart' ('lib/core/onboarding/onboarding_providers.dart').
Try correcting the name to the name of an existing setter, or defining a setter or field named 'state'.
      state = const OnboardingState.initial();
      ^^^^^
lib/core/onboarding/onboarding_providers.dart:173:22: Error: The getter 'state' isn't defined for the type 'OnboardingStateNotifier'.
 - 'OnboardingStateNotifier' is from 'package:stylesync/core/onboarding/onboarding_providers.dart' ('lib/core/onboarding/onboarding_providers.dart').
Try correcting the name to the name of an existing getter, or defining a getter or field named 'state'.
        currentStep: state.currentStep,
                     ^^^^^
lib/core/onboarding/onboarding_providers.dart:166:7: Error: The setter 'state' isn't defined for the type 'OnboardingStateNotifier'.
 - 'OnboardingStateNotifier' is from 'package:stylesync/core/onboarding/onboarding_providers.dart' ('lib/core/onboarding/onboarding_providers.dart').
Try correcting the name to the name of an existing setter, or defining a setter or field named 'state'.
      state = OnboardingState.error(
      ^^^^^
lib/core/onboarding/onboarding_providers.dart:187:13: Error: The getter 'state' isn't defined for the type 'OnboardingStateNotifier'.
 - 'OnboardingStateNotifier' is from 'package:stylesync/core/onboarding/onboarding_providers.dart' ('lib/core/onboarding/onboarding_providers.dart').
Try correcting the name to the name of an existing getter, or defining a getter or field named 'state'.
    state = state.copyWith(currentStep: step);
            ^^^^^
lib/core/onboarding/onboarding_providers.dart:187:5: Error: The setter 'state' isn't defined for the type 'OnboardingStateNotifier'.
 - 'OnboardingStateNotifier' is from 'package:stylesync/core/onboarding/onboarding_providers.dart' ('lib/core/onboarding/onboarding_providers.dart').
Try correcting the name to the name of an existing setter, or defining a setter or field named 'state'.
    state = state.copyWith(currentStep: step);
    ^^^^^
lib/core/onboarding/onboarding_providers.dart:195:13: Error: The getter 'state' isn't defined for the type 'OnboardingStateNotifier'.
 - 'OnboardingStateNotifier' is from 'package:stylesync/core/onboarding/onboarding_providers.dart' ('lib/core/onboarding/onboarding_providers.dart').
Try correcting the name to the name of an existing getter, or defining a getter or field named 'state'.
    state = state.copyWith(clearError: true);
            ^^^^^
lib/core/onboarding/onboarding_providers.dart:195:5: Error: The setter 'state' isn't defined for the type 'OnboardingStateNotifier'.
 - 'OnboardingStateNotifier' is from 'package:stylesync/core/onboarding/onboarding_providers.dart' ('lib/core/onboarding/onboarding_providers.dart').
Try correcting the name to the name of an existing setter, or defining a setter or field named 'state'.
    state = state.copyWith(clearError: true);
    ^^^^^
00:06 +84 -1: /Users/pretermodernist/StyleSync/test/background_removal_properties_test.dart: Property Tests: Background Removal Timeout with Fallback background removal returns valid file for various image sizes
lib/core/auth/auth_providers.dart:73:11: Error: The setter 'state' isn't defined for the type 'AuthStateNotifier'.
 - 'AuthStateNotifier' is from 'package:stylesync/core/auth/auth_providers.dart' ('lib/core/auth/auth_providers.dart').
Try correcting the name to the name of an existing setter, or defining a setter or field named 'state'.
          state = AuthState.authenticated(profile);
          ^^^^^
lib/core/auth/auth_providers.dart:75:11: Error: The setter 'state' isn't defined for the type 'AuthStateNotifier'.
 - 'AuthStateNotifier' is from 'package:stylesync/core/auth/auth_providers.dart' ('lib/core/auth/auth_providers.dart').
Try correcting the name to the name of an existing setter, or defining a setter or field named 'state'.
          state = const AuthState.unauthenticated();
          ^^^^^
lib/core/auth/auth_providers.dart:78:9: Error: The setter 'state' isn't defined for the type 'AuthStateNotifier'.
 - 'AuthStateNotifier' is from 'package:stylesync/core/auth/auth_providers.dart' ('lib/core/auth/auth_providers.dart').
Try correcting the name to the name of an existing setter, or defining a setter or field named 'state'.
        state = const AuthState.unauthenticated();
        ^^^^^
lib/core/auth/auth_providers.dart:81:7: Error: The setter 'state' isn't defined for the type 'AuthStateNotifier'.
 - 'AuthStateNotifier' is from 'package:stylesync/core/auth/auth_providers.dart' ('lib/core/auth/auth_providers.dart').
Try correcting the name to the name of an existing setter, or defining a setter or field named 'state'.
      state = AuthState.error(e.toString());
      ^^^^^
lib/core/auth/auth_providers.dart:87:5: Error: The setter 'state' isn't defined for the type 'AuthStateNotifier'.
 - 'AuthStateNotifier' is from 'package:stylesync/core/auth/auth_providers.dart' ('lib/core/auth/auth_providers.dart').
Try correcting the name to the name of an existing setter, or defining a setter or field named 'state'.
    state = const AuthState.loading();
    ^^^^^
lib/core/auth/auth_providers.dart:90:7: Error: The setter 'state' isn't defined for the type 'AuthStateNotifier'.
 - 'AuthStateNotifier' is from 'package:stylesync/core/auth/auth_providers.dart' ('lib/core/auth/auth_providers.dart').
Try correcting the name to the name of an existing setter, or defining a setter or field named 'state'.
      state = AuthState.authenticated(profile);
      ^^^^^
lib/core/auth/auth_providers.dart:92:7: Error: The setter 'state' isn't defined for the type 'AuthStateNotifier'.
 - 'AuthStateNotifier' is from 'package:stylesync/core/auth/auth_providers.dart' ('lib/core/auth/auth_providers.dart').
Try correcting the name to the name of an existing setter, or defining a setter or field named 'state'.
      state = AuthState.error(e.toString());
      ^^^^^
lib/core/auth/auth_providers.dart:102:5: Error: The setter 'state' isn't defined for the type 'AuthStateNotifier'.
 - 'AuthStateNotifier' is from 'package:stylesync/core/auth/auth_providers.dart' ('lib/core/auth/auth_providers.dart').
Try correcting the name to the name of an existing setter, or defining a setter or field named 'state'.
    state = const AuthState.loading();
    ^^^^^
lib/core/auth/auth_providers.dart:109:7: Error: The setter 'state' isn't defined for the type 'AuthStateNotifier'.
 - 'AuthStateNotifier' is from 'package:stylesync/core/auth/auth_providers.dart' ('lib/core/auth/auth_providers.dart').
Try correcting the name to the name of an existing setter, or defining a setter or field named 'state'.
      state = AuthState.authenticated(profile);
      ^^^^^
lib/core/auth/auth_providers.dart:111:7: Error: The setter 'state' isn't defined for the type 'AuthStateNotifier'.
 - 'AuthStateNotifier' is from 'package:stylesync/core/auth/auth_providers.dart' ('lib/core/auth/auth_providers.dart').
Try correcting the name to the name of an existing setter, or defining a setter or field named 'state'.
      state = AuthState.error(e.toString());
      ^^^^^
lib/core/auth/auth_providers.dart:117:18: Error: The getter 'state' isn't defined for the type 'AuthStateNotifier'.
 - 'AuthStateNotifier' is from 'package:stylesync/core/auth/auth_providers.dart' ('lib/core/auth/auth_providers.dart').
Try correcting the name to the name of an existing getter, or defining a getter or field named 'state'.
    final prev = state; // Capture current state before operation
                 ^^^^^
lib/core/auth/auth_providers.dart:118:5: Error: The setter 'state' isn't defined for the type 'AuthStateNotifier'.
 - 'AuthStateNotifier' is from 'package:stylesync/core/auth/auth_providers.dart' ('lib/core/auth/auth_providers.dart').
Try correcting the name to the name of an existing setter, or defining a setter or field named 'state'.
    state = const AuthState.loading();
    ^^^^^
lib/core/auth/auth_providers.dart:121:7: Error: The setter 'state' isn't defined for the type 'AuthStateNotifier'.
 - 'AuthStateNotifier' is from 'package:stylesync/core/auth/auth_providers.dart' ('lib/core/auth/auth_providers.dart').
Try correcting the name to the name of an existing setter, or defining a setter or field named 'state'.
      state = const AuthState.unauthenticated();
      ^^^^^
lib/core/auth/auth_providers.dart:125:9: Error: The setter 'state' isn't defined for the type 'AuthStateNotifier'.
 - 'AuthStateNotifier' is from 'package:stylesync/core/auth/auth_providers.dart' ('lib/core/auth/auth_providers.dart').
Try correcting the name to the name of an existing setter, or defining a setter or field named 'state'.
        state = prev.copyWith(errorMessage: e.toString());
        ^^^^^
lib/core/auth/auth_providers.dart:127:9: Error: The setter 'state' isn't defined for the type 'AuthStateNotifier'.
 - 'AuthStateNotifier' is from 'package:stylesync/core/auth/auth_providers.dart' ('lib/core/auth/auth_providers.dart').
Try correcting the name to the name of an existing setter, or defining a setter or field named 'state'.
        state = AuthState.error(e.toString());
        ^^^^^
lib/core/auth/auth_providers.dart:137:9: Error: The getter 'state' isn't defined for the type 'AuthStateNotifier'.
 - 'AuthStateNotifier' is from 'package:stylesync/core/auth/auth_providers.dart' ('lib/core/auth/auth_providers.dart').
Try correcting the name to the name of an existing getter, or defining a getter or field named 'state'.
    if (state.status != AuthStatus.authenticated || state.profile == null) {
        ^^^^^
lib/core/auth/auth_providers.dart:137:53: Error: The getter 'state' isn't defined for the type 'AuthStateNotifier'.
 - 'AuthStateNotifier' is from 'package:stylesync/core/auth/auth_providers.dart' ('lib/core/auth/auth_providers.dart').
Try correcting the name to the name of an existing getter, or defining a getter or field named 'state'.
    if (state.status != AuthStatus.authenticated || state.profile == null) {
                                                    ^^^^^
lib/core/auth/auth_providers.dart:138:7: Error: The setter 'state' isn't defined for the type 'AuthStateNotifier'.
 - 'AuthStateNotifier' is from 'package:stylesync/core/auth/auth_providers.dart' ('lib/core/auth/auth_providers.dart').
Try correcting the name to the name of an existing setter, or defining a setter or field named 'state'.
      state = const AuthState.unauthenticated().copyWith(
      ^^^^^
lib/core/auth/auth_providers.dart:154:9: Error: The setter 'state' isn't defined for the type 'AuthStateNotifier'.
 - 'AuthStateNotifier' is from 'package:stylesync/core/auth/auth_providers.dart' ('lib/core/auth/auth_providers.dart').
Try correcting the name to the name of an existing setter, or defining a setter or field named 'state'.
        state = AuthState.authenticated(
        ^^^^^
lib/core/auth/auth_providers.dart:161:15: Error: The getter 'state' isn't defined for the type 'AuthStateNotifier'.
 - 'AuthStateNotifier' is from 'package:stylesync/core/auth/auth_providers.dart' ('lib/core/auth/auth_providers.dart').
Try correcting the name to the name of an existing getter, or defining a getter or field named 'state'.
      state = state.copyWith(errorMessage: e.toString());
              ^^^^^
lib/core/auth/auth_providers.dart:161:7: Error: The setter 'state' isn't defined for the type 'AuthStateNotifier'.
 - 'AuthStateNotifier' is from 'package:stylesync/core/auth/auth_providers.dart' ('lib/core/auth/auth_providers.dart').
Try correcting the name to the name of an existing setter, or defining a setter or field named 'state'.
      state = state.copyWith(errorMessage: e.toString());
      ^^^^^
lib/core/auth/auth_providers.dart:173:9: Error: The setter 'state' isn't defined for the type 'AuthStateNotifier'.
 - 'AuthStateNotifier' is from 'package:stylesync/core/auth/auth_providers.dart' ('lib/core/auth/auth_providers.dart').
Try correcting the name to the name of an existing setter, or defining a setter or field named 'state'.
        state = AuthState.authenticated(
        ^^^^^
lib/core/auth/auth_providers.dart:180:15: Error: The getter 'state' isn't defined for the type 'AuthStateNotifier'.
 - 'AuthStateNotifier' is from 'package:stylesync/core/auth/auth_providers.dart' ('lib/core/auth/auth_providers.dart').
Try correcting the name to the name of an existing getter, or defining a getter or field named 'state'.
      state = state.copyWith(errorMessage: e.toString());
              ^^^^^
lib/core/auth/auth_providers.dart:180:7: Error: The setter 'state' isn't defined for the type 'AuthStateNotifier'.
 - 'AuthStateNotifier' is from 'package:stylesync/core/auth/auth_providers.dart' ('lib/core/auth/auth_providers.dart').
Try correcting the name to the name of an existing setter, or defining a setter or field named 'state'.
      state = state.copyWith(errorMessage: e.toString());
      ^^^^^
00:06 +85 -1: /Users/pretermodernist/StyleSync/test/background_removal_properties_test.dart: Property Tests: Background Removal Timeout with Fallback background removal returns valid file for various image sizes
00:06 +86 -1: /Users/pretermodernist/StyleSync/test/background_removal_properties_test.dart: Property Tests: Background Removal Timeout with Fallback background removal returns valid file for various image sizes
00:06 +87 -1: /Users/pretermodernist/StyleSync/test/background_removal_properties_test.dart: Property Tests: Background Removal Timeout with Fallback background removal returns valid file for various image sizes
00:06 +88 -1: /Users/pretermodernist/StyleSync/test/background_removal_properties_test.dart: Property Tests: Background Removal Timeout with Fallback background removal returns valid file for various image sizes
00:06 +89 -1: /Users/pretermodernist/StyleSync/test/background_removal_properties_test.dart: Property Tests: Background Removal Timeout with Fallback background removal returns valid file for various image sizes
00:06 +90 -1: /Users/pretermodernist/StyleSync/test/background_removal_properties_test.dart: Property Tests: Background Removal Timeout with Fallback background removal returns valid file for various image sizes
00:06 +91 -1: /Users/pretermodernist/StyleSync/test/background_removal_properties_test.dart: Property Tests: Background Removal Timeout with Fallback background removal returns valid file for various image sizes
00:06 +92 -1: /Users/pretermodernist/StyleSync/test/background_removal_properties_test.dart: Property Tests: Background Removal Timeout with Fallback background removal returns valid file for various image sizes
00:06 +93 -1: /Users/pretermodernist/StyleSync/test/background_removal_properties_test.dart: Property Tests: Background Removal Timeout with Fallback background removal returns valid file for various image sizes
00:06 +94 -1: /Users/pretermodernist/StyleSync/test/background_removal_properties_test.dart: Property Tests: Background Removal Timeout with Fallback background removal returns valid file for various image sizes
00:06 +95 -1: /Users/pretermodernist/StyleSync/test/background_removal_properties_test.dart: Property Tests: Background Removal Timeout with Fallback background removal returns valid file for various image sizes
00:06 +96 -1: /Users/pretermodernist/StyleSync/test/background_removal_properties_test.dart: Property Tests: Background Removal Timeout with Fallback background removal returns valid file for various image sizes
00:06 +97 -1: /Users/pretermodernist/StyleSync/test/background_removal_properties_test.dart: Property Tests: Background Removal Timeout with Fallback background removal returns valid file for various image sizes
00:06 +98 -1: /Users/pretermodernist/StyleSync/test/background_removal_properties_test.dart: Property Tests: Background Removal Timeout with Fallback background removal returns valid file for various image sizes
00:06 +99 -1: /Users/pretermodernist/StyleSync/test/background_removal_properties_test.dart: Property Tests: Background Removal Timeout with Fallback background removal returns valid file for various image sizes
00:06 +100 -1: /Users/pretermodernist/StyleSync/test/background_removal_properties_test.dart: Property Tests: Background Removal Timeout with Fallback background removal returns valid file for various image sizes
00:06 +101 -1: /Users/pretermodernist/StyleSync/test/background_removal_properties_test.dart: Property Tests: Background Removal Timeout with Fallback background removal returns valid file for various image sizes
00:06 +102 -1: /Users/pretermodernist/StyleSync/test/background_removal_properties_test.dart: Property Tests: Background Removal Timeout with Fallback background removal returns valid file for various image sizes
00:06 +103 -1: /Users/pretermodernist/StyleSync/test/background_removal_properties_test.dart: Property Tests: Background Removal Timeout with Fallback background removal returns valid file for various image sizes
00:06 +104 -1: /Users/pretermodernist/StyleSync/test/background_removal_properties_test.dart: Property Tests: Background Removal Timeout with Fallback background removal returns valid file for various image sizes
00:06 +105 -1: /Users/pretermodernist/StyleSync/test/background_removal_properties_test.dart: Property Tests: Background Removal Timeout with Fallback background removal returns valid file for various image sizes
00:06 +106 -1: /Users/pretermodernist/StyleSync/test/background_removal_properties_test.dart: Property Tests: Background Removal Timeout with Fallback background removal returns valid file for various image sizes
00:06 +107 -1: /Users/pretermodernist/StyleSync/test/background_removal_properties_test.dart: Property Tests: Background Removal Timeout with Fallback background removal returns valid file for various image sizes
00:06 +107 -2: loading /Users/pretermodernist/StyleSync/test/features/onboarding/onboarding_screen_test.dart [E]
  Failed to load "/Users/pretermodernist/StyleSync/test/features/onboarding/onboarding_screen_test.dart":
  Compilation failed for testPath=/Users/pretermodernist/StyleSync/test/features/onboarding/onboarding_screen_test.dart: lib/core/onboarding/onboarding_providers.dart:61:39: Error: Type 'StateNotifier' not found.
  class OnboardingStateNotifier extends StateNotifier<OnboardingState> {
                                        ^^^^^^^^^^^^^
  lib/core/auth/auth_providers.dart:59:33: Error: Type 'StateNotifier' not found.
  class AuthStateNotifier extends StateNotifier<AuthState> {
                                  ^^^^^^^^^^^^^
  lib/core/onboarding/onboarding_providers.dart:230:5: Error: Method not found: 'StateNotifierProvider'.
      StateNotifierProvider<OnboardingStateNotifier, OnboardingState>((ref) {
      ^^^^^^^^^^^^^^^^^^^^^
  lib/core/auth/auth_providers.dart:284:5: Error: Method not found: 'StateNotifierProvider'.
      StateNotifierProvider<AuthStateNotifier, AuthState>((ref) {
      ^^^^^^^^^^^^^^^^^^^^^
  test/features/onboarding/onboarding_screen_test.dart:47:5: Error: The setter 'state' isn't defined for the type 'TestOnboardingStateNotifier'.
   - 'TestOnboardingStateNotifier' is from 'test/features/onboarding/onboarding_screen_test.dart'.
  Try correcting the name to the name of an existing setter, or defining a setter or field named 'state'.
      state = initialState;
      ^^^^^
  lib/core/onboarding/onboarding_providers.dart:79:9: Error: The setter 'state' isn't defined for the type 'OnboardingStateNotifier'.
   - 'OnboardingStateNotifier' is from 'package:stylesync/core/onboarding/onboarding_providers.dart' ('lib/core/onboarding/onboarding_providers.dart').
  Try correcting the name to the name of an existing setter, or defining a setter or field named 'state'.
          state = const OnboardingState.completed();
          ^^^^^
  lib/core/onboarding/onboarding_providers.dart:84:7: Error: The setter 'state' isn't defined for the type 'OnboardingStateNotifier'.
   - 'OnboardingStateNotifier' is from 'package:stylesync/core/onboarding/onboarding_providers.dart' ('lib/core/onboarding/onboarding_providers.dart').
  Try correcting the name to the name of an existing setter, or defining a setter or field named 'state'.
        state = OnboardingState.error(
        ^^^^^
  lib/core/onboarding/onboarding_providers.dart:101:13: Error: The getter 'state' isn't defined for the type 'OnboardingStateNotifier'.
   - 'OnboardingStateNotifier' is from 'package:stylesync/core/onboarding/onboarding_providers.dart' ('lib/core/onboarding/onboarding_providers.dart').
  Try correcting the name to the name of an existing getter, or defining a getter or field named 'state'.
      switch (state.currentStep) {
              ^^^^^
  lib/core/onboarding/onboarding_providers.dart:103:17: Error: The getter 'state' isn't defined for the type 'OnboardingStateNotifier'.
   - 'OnboardingStateNotifier' is from 'package:stylesync/core/onboarding/onboarding_providers.dart' ('lib/core/onboarding/onboarding_providers.dart').
  Try correcting the name to the name of an existing getter, or defining a getter or field named 'state'.
          state = state.copyWith(currentStep: OnboardingStep.tutorial);
                  ^^^^^
  lib/core/onboarding/onboarding_providers.dart:103:9: Error: The setter 'state' isn't defined for the type 'OnboardingStateNotifier'.
   - 'OnboardingStateNotifier' is from 'package:stylesync/core/onboarding/onboarding_providers.dart' ('lib/core/onboarding/onboarding_providers.dart').
  Try correcting the name to the name of an existing setter, or defining a setter or field named 'state'.
          state = state.copyWith(currentStep: OnboardingStep.tutorial);
          ^^^^^
  lib/core/onboarding/onboarding_providers.dart:106:17: Error: The getter 'state' isn't defined for the type 'OnboardingStateNotifier'.
   - 'OnboardingStateNotifier' is from 'package:stylesync/core/onboarding/onboarding_providers.dart' ('lib/core/onboarding/onboarding_providers.dart').
  Try correcting the name to the name of an existing getter, or defining a getter or field named 'state'.
          state = state.copyWith(currentStep: OnboardingStep.apiKeyInput);
                  ^^^^^
  lib/core/onboarding/onboarding_providers.dart:106:9: Error: The setter 'state' isn't defined for the type 'OnboardingStateNotifier'.
   - 'OnboardingStateNotifier' is from 'package:stylesync/core/onboarding/onboarding_providers.dart' ('lib/core/onboarding/onboarding_providers.dart').
  Try correcting the name to the name of an existing setter, or defining a setter or field named 'state'.
          state = state.copyWith(currentStep: OnboardingStep.apiKeyInput);
          ^^^^^
  lib/core/onboarding/onboarding_providers.dart:111:11: Error: The setter 'state' isn't defined for the type 'OnboardingStateNotifier'.
   - 'OnboardingStateNotifier' is from 'package:stylesync/core/onboarding/onboarding_providers.dart' ('lib/core/onboarding/onboarding_providers.dart').
  Try correcting the name to the name of an existing setter, or defining a setter or field named 'state'.
            state = const OnboardingState.completed();
            ^^^^^
  lib/core/onboarding/onboarding_providers.dart:114:11: Error: The setter 'state' isn't defined for the type 'OnboardingStateNotifier'.
   - 'OnboardingStateNotifier' is from 'package:stylesync/core/onboarding/onboarding_providers.dart' ('lib/core/onboarding/onboarding_providers.dart').
  Try correcting the name to the name of an existing setter, or defining a setter or field named 'state'.
            state = OnboardingState.error(
            ^^^^^
  lib/core/onboarding/onboarding_providers.dart:135:13: Error: The getter 'state' isn't defined for the type 'OnboardingStateNotifier'.
   - 'OnboardingStateNotifier' is from 'package:stylesync/core/onboarding/onboarding_providers.dart' ('lib/core/onboarding/onboarding_providers.dart').
  Try correcting the name to the name of an existing getter, or defining a getter or field named 'state'.
      switch (state.currentStep) {
              ^^^^^
  lib/core/onboarding/onboarding_providers.dart:140:17: Error: The getter 'state' isn't defined for the type 'OnboardingStateNotifier'.
   - 'OnboardingStateNotifier' is from 'package:stylesync/core/onboarding/onboarding_providers.dart' ('lib/core/onboarding/onboarding_providers.dart').
  Try correcting the name to the name of an existing getter, or defining a getter or field named 'state'.
          state = state.copyWith(currentStep: OnboardingStep.welcome);
                  ^^^^^
  lib/core/onboarding/onboarding_providers.dart:140:9: Error: The setter 'state' isn't defined for the type 'OnboardingStateNotifier'.
   - 'OnboardingStateNotifier' is from 'package:stylesync/core/onboarding/onboarding_providers.dart' ('lib/core/onboarding/onboarding_providers.dart').
  Try correcting the name to the name of an existing setter, or defining a setter or field named 'state'.
          state = state.copyWith(currentStep: OnboardingStep.welcome);
          ^^^^^
  lib/core/onboarding/onboarding_providers.dart:143:17: Error: The getter 'state' isn't defined for the type 'OnboardingStateNotifier'.
   - 'OnboardingStateNotifier' is from 'package:stylesync/core/onboarding/onboarding_providers.dart' ('lib/core/onboarding/onboarding_providers.dart').
  Try correcting the name to the name of an existing getter, or defining a getter or field named 'state'.
          state = state.copyWith(currentStep: OnboardingStep.tutorial);
                  ^^^^^
  lib/core/onboarding/onboarding_providers.dart:143:9: Error: The setter 'state' isn't defined for the type 'OnboardingStateNotifier'.
   - 'OnboardingStateNotifier' is from 'package:stylesync/core/onboarding/onboarding_providers.dart' ('lib/core/onboarding/onboarding_providers.dart').
  Try correcting the name to the name of an existing setter, or defining a setter or field named 'state'.
          state = state.copyWith(currentStep: OnboardingStep.tutorial);
          ^^^^^
  lib/core/onboarding/onboarding_providers.dart:162:7: Error: The setter 'state' isn't defined for the type 'OnboardingStateNotifier'.
   - 'OnboardingStateNotifier' is from 'package:stylesync/core/onboarding/onboarding_providers.dart' ('lib/core/onboarding/onboarding_providers.dart').
  Try correcting the name to the name of an existing setter, or defining a setter or field named 'state'.
        state = const OnboardingState.initial();
        ^^^^^
  lib/core/onboarding/onboarding_providers.dart:173:22: Error: The getter 'state' isn't defined for the type 'OnboardingStateNotifier'.
   - 'OnboardingStateNotifier' is from 'package:stylesync/core/onboarding/onboarding_providers.dart' ('lib/core/onboarding/onboarding_providers.dart').
  Try correcting the name to the name of an existing getter, or defining a getter or field named 'state'.
          currentStep: state.currentStep,
                       ^^^^^
  lib/core/onboarding/onboarding_providers.dart:166:7: Error: The setter 'state' isn't defined for the type 'OnboardingStateNotifier'.
   - 'OnboardingStateNotifier' is from 'package:stylesync/core/onboarding/onboarding_providers.dart' ('lib/core/onboarding/onboarding_providers.dart').
  Try correcting the name to the name of an existing setter, or defining a setter or field named 'state'.
        state = OnboardingState.error(
        ^^^^^
  lib/core/onboarding/onboarding_providers.dart:187:13: Error: The getter 'state' isn't defined for the type 'OnboardingStateNotifier'.
   - 'OnboardingStateNotifier' is from 'package:stylesync/core/onboarding/onboarding_providers.dart' ('lib/core/onboarding/onboarding_providers.dart').
  Try correcting the name to the name of an existing getter, or defining a getter or field named 'state'.
      state = state.copyWith(currentStep: step);
              ^^^^^
  lib/core/onboarding/onboarding_providers.dart:187:5: Error: The setter 'state' isn't defined for the type 'OnboardingStateNotifier'.
   - 'OnboardingStateNotifier' is from 'package:stylesync/core/onboarding/onboarding_providers.dart' ('lib/core/onboarding/onboarding_providers.dart').
  Try correcting the name to the name of an existing setter, or defining a setter or field named 'state'.
      state = state.copyWith(currentStep: step);
      ^^^^^
  lib/core/onboarding/onboarding_providers.dart:195:13: Error: The getter 'state' isn't defined for the type 'OnboardingStateNotifier'.
   - 'OnboardingStateNotifier' is from 'package:stylesync/core/onboarding/onboarding_providers.dart' ('lib/core/onboarding/onboarding_providers.dart').
  Try correcting the name to the name of an existing getter, or defining a getter or field named 'state'.
      state = state.copyWith(clearError: true);
              ^^^^^
  lib/core/onboarding/onboarding_providers.dart:195:5: Error: The setter 'state' isn't defined for the type 'OnboardingStateNotifier'.
   - 'OnboardingStateNotifier' is from 'package:stylesync/core/onboarding/onboarding_providers.dart' ('lib/core/onboarding/onboarding_providers.dart').
  Try correcting the name to the name of an existing setter, or defining a setter or field named 'state'.
      state = state.copyWith(clearError: true);
      ^^^^^
  lib/core/auth/auth_providers.dart:73:11: Error: The setter 'state' isn't defined for the type 'AuthStateNotifier'.
   - 'AuthStateNotifier' is from 'package:stylesync/core/auth/auth_providers.dart' ('lib/core/auth/auth_providers.dart').
  Try correcting the name to the name of an existing setter, or defining a setter or field named 'state'.
            state = AuthState.authenticated(profile);
            ^^^^^
  lib/core/auth/auth_providers.dart:75:11: Error: The setter 'state' isn't defined for the type 'AuthStateNotifier'.
   - 'AuthStateNotifier' is from 'package:stylesync/core/auth/auth_providers.dart' ('lib/core/auth/auth_providers.dart').
  Try correcting the name to the name of an existing setter, or defining a setter or field named 'state'.
            state = const AuthState.unauthenticated();
            ^^^^^
  lib/core/auth/auth_providers.dart:78:9: Error: The setter 'state' isn't defined for the type 'AuthStateNotifier'.
   - 'AuthStateNotifier' is from 'package:stylesync/core/auth/auth_providers.dart' ('lib/core/auth/auth_providers.dart').
  Try correcting the name to the name of an existing setter, or defining a setter or field named 'state'.
          state = const AuthState.unauthenticated();
          ^^^^^
  lib/core/auth/auth_providers.dart:81:7: Error: The setter 'state' isn't defined for the type 'AuthStateNotifier'.
   - 'AuthStateNotifier' is from 'package:stylesync/core/auth/auth_providers.dart' ('lib/core/auth/auth_providers.dart').
  Try correcting the name to the name of an existing setter, or defining a setter or field named 'state'.
        state = AuthState.error(e.toString());
        ^^^^^
  lib/core/auth/auth_providers.dart:87:5: Error: The setter 'state' isn't defined for the type 'AuthStateNotifier'.
   - 'AuthStateNotifier' is from 'package:stylesync/core/auth/auth_providers.dart' ('lib/core/auth/auth_providers.dart').
  Try correcting the name to the name of an existing setter, or defining a setter or field named 'state'.
      state = const AuthState.loading();
      ^^^^^
  lib/core/auth/auth_providers.dart:90:7: Error: The setter 'state' isn't defined for the type 'AuthStateNotifier'.
   - 'AuthStateNotifier' is from 'package:stylesync/core/auth/auth_providers.dart' ('lib/core/auth/auth_providers.dart').
  Try correcting the name to the name of an existing setter, or defining a setter or field named 'state'.
        state = AuthState.authenticated(profile);
        ^^^^^
  lib/core/auth/auth_providers.dart:92:7: Error: The setter 'state' isn't defined for the type 'AuthStateNotifier'.
   - 'AuthStateNotifier' is from 'package:stylesync/core/auth/auth_providers.dart' ('lib/core/auth/auth_providers.dart').
  Try correcting the name to the name of an existing setter, or defining a setter or field named 'state'.
        state = AuthState.error(e.toString());
        ^^^^^
  lib/core/auth/auth_providers.dart:102:5: Error: The setter 'state' isn't defined for the type 'AuthStateNotifier'.
   - 'AuthStateNotifier' is from 'package:stylesync/core/auth/auth_providers.dart' ('lib/core/auth/auth_providers.dart').
  Try correcting the name to the name of an existing setter, or defining a setter or field named 'state'.
      state = const AuthState.loading();
      ^^^^^
  lib/core/auth/auth_providers.dart:109:7: Error: The setter 'state' isn't defined for the type 'AuthStateNotifier'.
   - 'AuthStateNotifier' is from 'package:stylesync/core/auth/auth_providers.dart' ('lib/core/auth/auth_providers.dart').
  Try correcting the name to the name of an existing setter, or defining a setter or field named 'state'.
        state = AuthState.authenticated(profile);
        ^^^^^
  lib/core/auth/auth_providers.dart:111:7: Error: The setter 'state' isn't defined for the type 'AuthStateNotifier'.
   - 'AuthStateNotifier' is from 'package:stylesync/core/auth/auth_providers.dart' ('lib/core/auth/auth_providers.dart').
  Try correcting the name to the name of an existing setter, or defining a setter or field named 'state'.
        state = AuthState.error(e.toString());
        ^^^^^
  lib/core/auth/auth_providers.dart:117:18: Error: The getter 'state' isn't defined for the type 'AuthStateNotifier'.
   - 'AuthStateNotifier' is from 'package:stylesync/core/auth/auth_providers.dart' ('lib/core/auth/auth_providers.dart').
  Try correcting the name to the name of an existing getter, or defining a getter or field named 'state'.
      final prev = state; // Capture current state before operation
                   ^^^^^
  lib/core/auth/auth_providers.dart:118:5: Error: The setter 'state' isn't defined for the type 'AuthStateNotifier'.
   - 'AuthStateNotifier' is from 'package:stylesync/core/auth/auth_providers.dart' ('lib/core/auth/auth_providers.dart').
  Try correcting the name to the name of an existing setter, or defining a setter or field named 'state'.
      state = const AuthState.loading();
      ^^^^^
  lib/core/auth/auth_providers.dart:121:7: Error: The setter 'state' isn't defined for the type 'AuthStateNotifier'.
   - 'AuthStateNotifier' is from 'package:stylesync/core/auth/auth_providers.dart' ('lib/core/auth/auth_providers.dart').
  Try correcting the name to the name of an existing setter, or defining a setter or field named 'state'.
        state = const AuthState.unauthenticated();
        ^^^^^
  lib/core/auth/auth_providers.dart:125:9: Error: The setter 'state' isn't defined for the type 'AuthStateNotifier'.
   - 'AuthStateNotifier' is from 'package:stylesync/core/auth/auth_providers.dart' ('lib/core/auth/auth_providers.dart').
  Try correcting the name to the name of an existing setter, or defining a setter or field named 'state'.
          state = prev.copyWith(errorMessage: e.toString());
          ^^^^^
  lib/core/auth/auth_providers.dart:127:9: Error: The setter 'state' isn't defined for the type 'AuthStateNotifier'.
   - 'AuthStateNotifier' is from 'package:stylesync/core/auth/auth_providers.dart' ('lib/core/auth/auth_providers.dart').
  Try correcting the name to the name of an existing setter, or defining a setter or field named 'state'.
          state = AuthState.error(e.toString());
          ^^^^^
  lib/core/auth/auth_providers.dart:137:9: Error: The getter 'state' isn't defined for the type 'AuthStateNotifier'.
   - 'AuthStateNotifier' is from 'package:stylesync/core/auth/auth_providers.dart' ('lib/core/auth/auth_providers.dart').
  Try correcting the name to the name of an existing getter, or defining a getter or field named 'state'.
      if (state.status != AuthStatus.authenticated || state.profile == null) {
          ^^^^^
  lib/core/auth/auth_providers.dart:137:53: Error: The getter 'state' isn't defined for the type 'AuthStateNotifier'.
   - 'AuthStateNotifier' is from 'package:stylesync/core/auth/auth_providers.dart' ('lib/core/auth/auth_providers.dart').
  Try correcting the name to the name of an existing getter, or defining a getter or field named 'state'.
      if (state.status != AuthStatus.authenticated || state.profile == null) {
                                                      ^^^^^
  lib/core/auth/auth_providers.dart:138:7: Error: The setter 'state' isn't defined for the type 'AuthStateNotifier'.
   - 'AuthStateNotifier' is from 'package:stylesync/core/auth/auth_providers.dart' ('lib/core/auth/auth_providers.dart').
  Try correcting the name to the name of an existing setter, or defining a setter or field named 'state'.
        state = const AuthState.unauthenticated().copyWith(
        ^^^^^
  lib/core/auth/auth_providers.dart:154:9: Error: The setter 'state' isn't defined for the type 'AuthStateNotifier'.
   - 'AuthStateNotifier' is from 'package:stylesync/core/auth/auth_providers.dart' ('lib/core/auth/auth_providers.dart').
  Try correcting the name to the name of an existing setter, or defining a setter or field named 'state'.
          state = AuthState.authenticated(
          ^^^^^
  lib/core/auth/auth_providers.dart:161:15: Error: The getter 'state' isn't defined for the type 'AuthStateNotifier'.
   - 'AuthStateNotifier' is from 'package:stylesync/core/auth/auth_providers.dart' ('lib/core/auth/auth_providers.dart').
  Try correcting the name to the name of an existing getter, or defining a getter or field named 'state'.
        state = state.copyWith(errorMessage: e.toString());
                ^^^^^
  lib/core/auth/auth_providers.dart:161:7: Error: The setter 'state' isn't defined for the type 'AuthStateNotifier'.
   - 'AuthStateNotifier' is from 'package:stylesync/core/auth/auth_providers.dart' ('lib/core/auth/auth_providers.dart').
  Try correcting the name to the name of an existing setter, or defining a setter or field named 'state'.
        state = state.copyWith(errorMessage: e.toString());
        ^^^^^
  lib/core/auth/auth_providers.dart:173:9: Error: The setter 'state' isn't defined for the type 'AuthStateNotifier'.
   - 'AuthStateNotifier' is from 'package:stylesync/core/auth/auth_providers.dart' ('lib/core/auth/auth_providers.dart').
  Try correcting the name to the name of an existing setter, or defining a setter or field named 'state'.
          state = AuthState.authenticated(
          ^^^^^
  lib/core/auth/auth_providers.dart:180:15: Error: The getter 'state' isn't defined for the type 'AuthStateNotifier'.
   - 'AuthStateNotifier' is from 'package:stylesync/core/auth/auth_providers.dart' ('lib/core/auth/auth_providers.dart').
  Try correcting the name to the name of an existing getter, or defining a getter or field named 'state'.
        state = state.copyWith(errorMessage: e.toString());
                ^^^^^
  lib/core/auth/auth_providers.dart:180:7: Error: The setter 'state' isn't defined for the type 'AuthStateNotifier'.
   - 'AuthStateNotifier' is from 'package:stylesync/core/auth/auth_providers.dart' ('lib/core/auth/auth_providers.dart').
  Try correcting the name to the name of an existing setter, or defining a setter or field named 'state'.
        state = state.copyWith(errorMessage: e.toString());
        ^^^^^
  .
00:07 +108 -2: /Users/pretermodernist/StyleSync/test/features/auth/widgets/age_gate_test.dart: AgeGateDialog initial state passes validation (25 years old)
00:07 +109 -2: /Users/pretermodernist/StyleSync/test/features/auth/widgets/age_gate_test.dart: AgeGateDialog initial state passes validation (25 years old)
00:07 +110 -2: /Users/pretermodernist/StyleSync/test/features/auth/widgets/age_gate_test.dart: AgeGateDialog initial state passes validation (25 years old)
lib/core/auth/auth_providers.dart:59:33: Error: Type 'StateNotifier' not found.
class AuthStateNotifier extends StateNotifier<AuthState> {
                                ^^^^^^^^^^^^^
lib/core/auth/auth_providers.dart:284:5: Error: Method not found: 'StateNotifierProvider'.
    StateNotifierProvider<AuthStateNotifier, AuthState>((ref) {
    ^^^^^^^^^^^^^^^^^^^^^
lib/core/auth/auth_providers.dart:73:11: Error: The setter 'state' isn't defined for the type 'AuthStateNotifier'.
 - 'AuthStateNotifier' is from 'package:stylesync/core/auth/auth_providers.dart' ('lib/core/auth/auth_providers.dart').
Try correcting the name to the name of an existing setter, or defining a setter or field named 'state'.
          state = AuthState.authenticated(profile);
          ^^^^^
lib/core/auth/auth_providers.dart:75:11: Error: The setter 'state' isn't defined for the type 'AuthStateNotifier'.
 - 'AuthStateNotifier' is from 'package:stylesync/core/auth/auth_providers.dart' ('lib/core/auth/auth_providers.dart').
Try correcting the name to the name of an existing setter, or defining a setter or field named 'state'.
          state = const AuthState.unauthenticated();
          ^^^^^
lib/core/auth/auth_providers.dart:78:9: Error: The setter 'state' isn't defined for the type 'AuthStateNotifier'.
 - 'AuthStateNotifier' is from 'package:stylesync/core/auth/auth_providers.dart' ('lib/core/auth/auth_providers.dart').
Try correcting the name to the name of an existing setter, or defining a setter or field named 'state'.
        state = const AuthState.unauthenticated();
        ^^^^^
lib/core/auth/auth_providers.dart:81:7: Error: The setter 'state' isn't defined for the type 'AuthStateNotifier'.
 - 'AuthStateNotifier' is from 'package:stylesync/core/auth/auth_providers.dart' ('lib/core/auth/auth_providers.dart').
Try correcting the name to the name of an existing setter, or defining a setter or field named 'state'.
      state = AuthState.error(e.toString());
      ^^^^^
lib/core/auth/auth_providers.dart:87:5: Error: The setter 'state' isn't defined for the type 'AuthStateNotifier'.
 - 'AuthStateNotifier' is from 'package:stylesync/core/auth/auth_providers.dart' ('lib/core/auth/auth_providers.dart').
Try correcting the name to the name of an existing setter, or defining a setter or field named 'state'.
    state = const AuthState.loading();
    ^^^^^
lib/core/auth/auth_providers.dart:90:7: Error: The setter 'state' isn't defined for the type 'AuthStateNotifier'.
 - 'AuthStateNotifier' is from 'package:stylesync/core/auth/auth_providers.dart' ('lib/core/auth/auth_providers.dart').
Try correcting the name to the name of an existing setter, or defining a setter or field named 'state'.
      state = AuthState.authenticated(profile);
      ^^^^^
lib/core/auth/auth_providers.dart:92:7: Error: The setter 'state' isn't defined for the type 'AuthStateNotifier'.
 - 'AuthStateNotifier' is from 'package:stylesync/core/auth/auth_providers.dart' ('lib/core/auth/auth_providers.dart').
Try correcting the name to the name of an existing setter, or defining a setter or field named 'state'.
      state = AuthState.error(e.toString());
      ^^^^^
lib/core/auth/auth_providers.dart:102:5: Error: The setter 'state' isn't defined for the type 'AuthStateNotifier'.
 - 'AuthStateNotifier' is from 'package:stylesync/core/auth/auth_providers.dart' ('lib/core/auth/auth_providers.dart').
Try correcting the name to the name of an existing setter, or defining a setter or field named 'state'.
    state = const AuthState.loading();
    ^^^^^
lib/core/auth/auth_providers.dart:109:7: Error: The setter 'state' isn't defined for the type 'AuthStateNotifier'.
 - 'AuthStateNotifier' is from 'package:stylesync/core/auth/auth_providers.dart' ('lib/core/auth/auth_providers.dart').
Try correcting the name to the name of an existing setter, or defining a setter or field named 'state'.
      state = AuthState.authenticated(profile);
      ^^^^^
lib/core/auth/auth_providers.dart:111:7: Error: The setter 'state' isn't defined for the type 'AuthStateNotifier'.
 - 'AuthStateNotifier' is from 'package:stylesync/core/auth/auth_providers.dart' ('lib/core/auth/auth_providers.dart').
Try correcting the name to the name of an existing setter, or defining a setter or field named 'state'.
      state = AuthState.error(e.toString());
      ^^^^^
lib/core/auth/auth_providers.dart:117:18: Error: The getter 'state' isn't defined for the type 'AuthStateNotifier'.
 - 'AuthStateNotifier' is from 'package:stylesync/core/auth/auth_providers.dart' ('lib/core/auth/auth_providers.dart').
Try correcting the name to the name of an existing getter, or defining a getter or field named 'state'.
    final prev = state; // Capture current state before operation
                 ^^^^^
lib/core/auth/auth_providers.dart:118:5: Error: The setter 'state' isn't defined for the type 'AuthStateNotifier'.
 - 'AuthStateNotifier' is from 'package:stylesync/core/auth/auth_providers.dart' ('lib/core/auth/auth_providers.dart').
Try correcting the name to the name of an existing setter, or defining a setter or field named 'state'.
    state = const AuthState.loading();
    ^^^^^
lib/core/auth/auth_providers.dart:121:7: Error: The setter 'state' isn't defined for the type 'AuthStateNotifier'.
 - 'AuthStateNotifier' is from 'package:stylesync/core/auth/auth_providers.dart' ('lib/core/auth/auth_providers.dart').
Try correcting the name to the name of an existing setter, or defining a setter or field named 'state'.
      state = const AuthState.unauthenticated();
      ^^^^^
lib/core/auth/auth_providers.dart:125:9: Error: The setter 'state' isn't defined for the type 'AuthStateNotifier'.
 - 'AuthStateNotifier' is from 'package:stylesync/core/auth/auth_providers.dart' ('lib/core/auth/auth_providers.dart').
Try correcting the name to the name of an existing setter, or defining a setter or field named 'state'.
        state = prev.copyWith(errorMessage: e.toString());
        ^^^^^
lib/core/auth/auth_providers.dart:127:9: Error: The setter 'state' isn't defined for the type 'AuthStateNotifier'.
 - 'AuthStateNotifier' is from 'package:stylesync/core/auth/auth_providers.dart' ('lib/core/auth/auth_providers.dart').
Try correcting the name to the name of an existing setter, or defining a setter or field named 'state'.
        state = AuthState.error(e.toString());
        ^^^^^
lib/core/auth/auth_providers.dart:137:9: Error: The getter 'state' isn't defined for the type 'AuthStateNotifier'.
 - 'AuthStateNotifier' is from 'package:stylesync/core/auth/auth_providers.dart' ('lib/core/auth/auth_providers.dart').
Try correcting the name to the name of an existing getter, or defining a getter or field named 'state'.
    if (state.status != AuthStatus.authenticated || state.profile == null) {
        ^^^^^
lib/core/auth/auth_providers.dart:137:53: Error: The getter 'state' isn't defined for the type 'AuthStateNotifier'.
 - 'AuthStateNotifier' is from 'package:stylesync/core/auth/auth_providers.dart' ('lib/core/auth/auth_providers.dart').
Try correcting the name to the name of an existing getter, or defining a getter or field named 'state'.
    if (state.status != AuthStatus.authenticated || state.profile == null) {
                                                    ^^^^^
lib/core/auth/auth_providers.dart:138:7: Error: The setter 'state' isn't defined for the type 'AuthStateNotifier'.
 - 'AuthStateNotifier' is from 'package:stylesync/core/auth/auth_providers.dart' ('lib/core/auth/auth_providers.dart').
Try correcting the name to the name of an existing setter, or defining a setter or field named 'state'.
      state = const AuthState.unauthenticated().copyWith(
      ^^^^^
lib/core/auth/auth_providers.dart:154:9: Error: The setter 'state' isn't defined for the type 'AuthStateNotifier'.
 - 'AuthStateNotifier' is from 'package:stylesync/core/auth/auth_providers.dart' ('lib/core/auth/auth_providers.dart').
Try correcting the name to the name of an existing setter, or defining a setter or field named 'state'.
        state = AuthState.authenticated(
        ^^^^^
lib/core/auth/auth_providers.dart:161:15: Error: The getter 'state' isn't defined for the type 'AuthStateNotifier'.
 - 'AuthStateNotifier' is from 'package:stylesync/core/auth/auth_providers.dart' ('lib/core/auth/auth_providers.dart').
Try correcting the name to the name of an existing getter, or defining a getter or field named 'state'.
      state = state.copyWith(errorMessage: e.toString());
              ^^^^^
lib/core/auth/auth_providers.dart:161:7: Error: The setter 'state' isn't defined for the type 'AuthStateNotifier'.
 - 'AuthStateNotifier' is from 'package:stylesync/core/auth/auth_providers.dart' ('lib/core/auth/auth_providers.dart').
Try correcting the name to the name of an existing setter, or defining a setter or field named 'state'.
      state = state.copyWith(errorMessage: e.toString());
      ^^^^^
lib/core/auth/auth_providers.dart:173:9: Error: The setter 'state' isn't defined for the type 'AuthStateNotifier'.
 - 'AuthStateNotifier' is from 'package:stylesync/core/auth/auth_providers.dart' ('lib/core/auth/auth_providers.dart').
Try correcting the name to the name of an existing setter, or defining a setter or field named 'state'.
        state = AuthState.authenticated(
        ^^^^^
lib/core/auth/auth_providers.dart:180:15: Error: The getter 'state' isn't defined for the type 'AuthStateNotifier'.
 - 'AuthStateNotifier' is from 'package:stylesync/core/auth/auth_providers.dart' ('lib/core/auth/auth_providers.dart').
Try correcting the name to the name of an existing getter, or defining a getter or field named 'state'.
      state = state.copyWith(errorMessage: e.toString());
              ^^^^^
lib/core/auth/auth_providers.dart:180:7: Error: The setter 'state' isn't defined for the type 'AuthStateNotifier'.
 - 'AuthStateNotifier' is from 'package:stylesync/core/auth/auth_providers.dart' ('lib/core/auth/auth_providers.dart').
Try correcting the name to the name of an existing setter, or defining a setter or field named 'state'.
      state = state.copyWith(errorMessage: e.toString());
      ^^^^^
00:09 +111 -2: /Users/pretermodernist/StyleSync/test/features/onboarding/widgets/welcome_page_test.dart: WelcomePage Title and description renders welcome title
00:10 +111 -3: loading /Users/pretermodernist/StyleSync/test/features/onboarding/widgets/api_key_input_page_test.dart [E]
  Failed to load "/Users/pretermodernist/StyleSync/test/features/onboarding/widgets/api_key_input_page_test.dart":
  Compilation failed for testPath=/Users/pretermodernist/StyleSync/test/features/onboarding/widgets/api_key_input_page_test.dart: lib/core/auth/auth_providers.dart:59:33: Error: Type 'StateNotifier' not found.
  class AuthStateNotifier extends StateNotifier<AuthState> {
                                  ^^^^^^^^^^^^^
  lib/core/auth/auth_providers.dart:284:5: Error: Method not found: 'StateNotifierProvider'.
      StateNotifierProvider<AuthStateNotifier, AuthState>((ref) {
      ^^^^^^^^^^^^^^^^^^^^^
  lib/core/auth/auth_providers.dart:73:11: Error: The setter 'state' isn't defined for the type 'AuthStateNotifier'.
   - 'AuthStateNotifier' is from 'package:stylesync/core/auth/auth_providers.dart' ('lib/core/auth/auth_providers.dart').
  Try correcting the name to the name of an existing setter, or defining a setter or field named 'state'.
            state = AuthState.authenticated(profile);
            ^^^^^
  lib/core/auth/auth_providers.dart:75:11: Error: The setter 'state' isn't defined for the type 'AuthStateNotifier'.
   - 'AuthStateNotifier' is from 'package:stylesync/core/auth/auth_providers.dart' ('lib/core/auth/auth_providers.dart').
  Try correcting the name to the name of an existing setter, or defining a setter or field named 'state'.
            state = const AuthState.unauthenticated();
            ^^^^^
  lib/core/auth/auth_providers.dart:78:9: Error: The setter 'state' isn't defined for the type 'AuthStateNotifier'.
   - 'AuthStateNotifier' is from 'package:stylesync/core/auth/auth_providers.dart' ('lib/core/auth/auth_providers.dart').
  Try correcting the name to the name of an existing setter, or defining a setter or field named 'state'.
          state = const AuthState.unauthenticated();
          ^^^^^
  lib/core/auth/auth_providers.dart:81:7: Error: The setter 'state' isn't defined for the type 'AuthStateNotifier'.
   - 'AuthStateNotifier' is from 'package:stylesync/core/auth/auth_providers.dart' ('lib/core/auth/auth_providers.dart').
  Try correcting the name to the name of an existing setter, or defining a setter or field named 'state'.
        state = AuthState.error(e.toString());
        ^^^^^
  lib/core/auth/auth_providers.dart:87:5: Error: The setter 'state' isn't defined for the type 'AuthStateNotifier'.
   - 'AuthStateNotifier' is from 'package:stylesync/core/auth/auth_providers.dart' ('lib/core/auth/auth_providers.dart').
  Try correcting the name to the name of an existing setter, or defining a setter or field named 'state'.
      state = const AuthState.loading();
      ^^^^^
  lib/core/auth/auth_providers.dart:90:7: Error: The setter 'state' isn't defined for the type 'AuthStateNotifier'.
   - 'AuthStateNotifier' is from 'package:stylesync/core/auth/auth_providers.dart' ('lib/core/auth/auth_providers.dart').
  Try correcting the name to the name of an existing setter, or defining a setter or field named 'state'.
        state = AuthState.authenticated(profile);
        ^^^^^
  lib/core/auth/auth_providers.dart:92:7: Error: The setter 'state' isn't defined for the type 'AuthStateNotifier'.
   - 'AuthStateNotifier' is from 'package:stylesync/core/auth/auth_providers.dart' ('lib/core/auth/auth_providers.dart').
  Try correcting the name to the name of an existing setter, or defining a setter or field named 'state'.
        state = AuthState.error(e.toString());
        ^^^^^
  lib/core/auth/auth_providers.dart:102:5: Error: The setter 'state' isn't defined for the type 'AuthStateNotifier'.
   - 'AuthStateNotifier' is from 'package:stylesync/core/auth/auth_providers.dart' ('lib/core/auth/auth_providers.dart').
  Try correcting the name to the name of an existing setter, or defining a setter or field named 'state'.
      state = const AuthState.loading();
      ^^^^^
  lib/core/auth/auth_providers.dart:109:7: Error: The setter 'state' isn't defined for the type 'AuthStateNotifier'.
   - 'AuthStateNotifier' is from 'package:stylesync/core/auth/auth_providers.dart' ('lib/core/auth/auth_providers.dart').
  Try correcting the name to the name of an existing setter, or defining a setter or field named 'state'.
        state = AuthState.authenticated(profile);
        ^^^^^
  lib/core/auth/auth_providers.dart:111:7: Error: The setter 'state' isn't defined for the type 'AuthStateNotifier'.
   - 'AuthStateNotifier' is from 'package:stylesync/core/auth/auth_providers.dart' ('lib/core/auth/auth_providers.dart').
  Try correcting the name to the name of an existing setter, or defining a setter or field named 'state'.
        state = AuthState.error(e.toString());
        ^^^^^
  lib/core/auth/auth_providers.dart:117:18: Error: The getter 'state' isn't defined for the type 'AuthStateNotifier'.
   - 'AuthStateNotifier' is from 'package:stylesync/core/auth/auth_providers.dart' ('lib/core/auth/auth_providers.dart').
  Try correcting the name to the name of an existing getter, or defining a getter or field named 'state'.
      final prev = state; // Capture current state before operation
                   ^^^^^
  lib/core/auth/auth_providers.dart:118:5: Error: The setter 'state' isn't defined for the type 'AuthStateNotifier'.
   - 'AuthStateNotifier' is from 'package:stylesync/core/auth/auth_providers.dart' ('lib/core/auth/auth_providers.dart').
  Try correcting the name to the name of an existing setter, or defining a setter or field named 'state'.
      state = const AuthState.loading();
      ^^^^^
  lib/core/auth/auth_providers.dart:121:7: Error: The setter 'state' isn't defined for the type 'AuthStateNotifier'.
   - 'AuthStateNotifier' is from 'package:stylesync/core/auth/auth_providers.dart' ('lib/core/auth/auth_providers.dart').
  Try correcting the name to the name of an existing setter, or defining a setter or field named 'state'.
        state = const AuthState.unauthenticated();
        ^^^^^
  lib/core/auth/auth_providers.dart:125:9: Error: The setter 'state' isn't defined for the type 'AuthStateNotifier'.
   - 'AuthStateNotifier' is from 'package:stylesync/core/auth/auth_providers.dart' ('lib/core/auth/auth_providers.dart').
  Try correcting the name to the name of an existing setter, or defining a setter or field named 'state'.
          state = prev.copyWith(errorMessage: e.toString());
          ^^^^^
  lib/core/auth/auth_providers.dart:127:9: Error: The setter 'state' isn't defined for the type 'AuthStateNotifier'.
   - 'AuthStateNotifier' is from 'package:stylesync/core/auth/auth_providers.dart' ('lib/core/auth/auth_providers.dart').
  Try correcting the name to the name of an existing setter, or defining a setter or field named 'state'.
          state = AuthState.error(e.toString());
          ^^^^^
  lib/core/auth/auth_providers.dart:137:9: Error: The getter 'state' isn't defined for the type 'AuthStateNotifier'.
   - 'AuthStateNotifier' is from 'package:stylesync/core/auth/auth_providers.dart' ('lib/core/auth/auth_providers.dart').
  Try correcting the name to the name of an existing getter, or defining a getter or field named 'state'.
      if (state.status != AuthStatus.authenticated || state.profile == null) {
          ^^^^^
  lib/core/auth/auth_providers.dart:137:53: Error: The getter 'state' isn't defined for the type 'AuthStateNotifier'.
   - 'AuthStateNotifier' is from 'package:stylesync/core/auth/auth_providers.dart' ('lib/core/auth/auth_providers.dart').
  Try correcting the name to the name of an existing getter, or defining a getter or field named 'state'.
      if (state.status != AuthStatus.authenticated || state.profile == null) {
                                                      ^^^^^
  lib/core/auth/auth_providers.dart:138:7: Error: The setter 'state' isn't defined for the type 'AuthStateNotifier'.
   - 'AuthStateNotifier' is from 'package:stylesync/core/auth/auth_providers.dart' ('lib/core/auth/auth_providers.dart').
  Try correcting the name to the name of an existing setter, or defining a setter or field named 'state'.
        state = const AuthState.unauthenticated().copyWith(
        ^^^^^
  lib/core/auth/auth_providers.dart:154:9: Error: The setter 'state' isn't defined for the type 'AuthStateNotifier'.
   - 'AuthStateNotifier' is from 'package:stylesync/core/auth/auth_providers.dart' ('lib/core/auth/auth_providers.dart').
  Try correcting the name to the name of an existing setter, or defining a setter or field named 'state'.
          state = AuthState.authenticated(
          ^^^^^
  lib/core/auth/auth_providers.dart:161:15: Error: The getter 'state' isn't defined for the type 'AuthStateNotifier'.
   - 'AuthStateNotifier' is from 'package:stylesync/core/auth/auth_providers.dart' ('lib/core/auth/auth_providers.dart').
  Try correcting the name to the name of an existing getter, or defining a getter or field named 'state'.
        state = state.copyWith(errorMessage: e.toString());
                ^^^^^
  lib/core/auth/auth_providers.dart:161:7: Error: The setter 'state' isn't defined for the type 'AuthStateNotifier'.
   - 'AuthStateNotifier' is from 'package:stylesync/core/auth/auth_providers.dart' ('lib/core/auth/auth_providers.dart').
  Try correcting the name to the name of an existing setter, or defining a setter or field named 'state'.
        state = state.copyWith(errorMessage: e.toString());
        ^^^^^
  lib/core/auth/auth_providers.dart:173:9: Error: The setter 'state' isn't defined for the type 'AuthStateNotifier'.
   - 'AuthStateNotifier' is from 'package:stylesync/core/auth/auth_providers.dart' ('lib/core/auth/auth_providers.dart').
  Try correcting the name to the name of an existing setter, or defining a setter or field named 'state'.
          state = AuthState.authenticated(
          ^^^^^
  lib/core/auth/auth_providers.dart:180:15: Error: The getter 'state' isn't defined for the type 'AuthStateNotifier'.
   - 'AuthStateNotifier' is from 'package:stylesync/core/auth/auth_providers.dart' ('lib/core/auth/auth_providers.dart').
  Try correcting the name to the name of an existing getter, or defining a getter or field named 'state'.
        state = state.copyWith(errorMessage: e.toString());
                ^^^^^
  lib/core/auth/auth_providers.dart:180:7: Error: The setter 'state' isn't defined for the type 'AuthStateNotifier'.
   - 'AuthStateNotifier' is from 'package:stylesync/core/auth/auth_providers.dart' ('lib/core/auth/auth_providers.dart').
  Try correcting the name to the name of an existing setter, or defining a setter or field named 'state'.
        state = state.copyWith(errorMessage: e.toString());
        ^^^^^
  .
00:10 +112 -3: /Users/pretermodernist/StyleSync/test/features/onboarding/widgets/welcome_page_test.dart: WelcomePage Title and description renders subtitle description
00:10 +113 -3: /Users/pretermodernist/StyleSync/test/features/onboarding/widgets/welcome_page_test.dart: WelcomePage Title and description renders app icon
00:11 +114 -3: /Users/pretermodernist/StyleSync/test/features/onboarding/widgets/welcome_page_test.dart: WelcomePage Feature cards displays Digital Wardrobe feature card
00:11 +115 -3: /Users/pretermodernist/StyleSync/test/features/onboarding/widgets/welcome_page_test.dart: WelcomePage Feature cards displays Virtual Try-On feature card
00:11 +116 -3: /Users/pretermodernist/StyleSync/test/features/onboarding/widgets/welcome_page_test.dart: WelcomePage Feature cards displays Outfit Brainstorming feature card
00:11 +117 -3: /Users/pretermodernist/StyleSync/test/features/onboarding/widgets/welcome_page_test.dart: WelcomePage Feature cards displays all three feature cards
00:11 +118 -3: /Users/pretermodernist/StyleSync/test/features/onboarding/widgets/welcome_page_test.dart: WelcomePage Get Started button Get Started button is visible
00:11 +119 -3: /Users/pretermodernist/StyleSync/test/features/onboarding/widgets/welcome_page_test.dart: WelcomePage Get Started button tapping Get Started calls onGetStarted callback
00:11 +120 -3: /Users/pretermodernist/StyleSync/test/features/onboarding/widgets/welcome_page_test.dart: WelcomePage Get Started button Get Started button has correct styling
00:11 +121 -3: /Users/pretermodernist/StyleSync/test/features/onboarding/widgets/welcome_page_test.dart: WelcomePage Layout uses SingleChildScrollView for scrollability
00:12 +122 -3: /Users/pretermodernist/StyleSync/test/features/onboarding/widgets/welcome_page_test.dart: WelcomePage Layout content is centered
00:12 +123 -3: /Users/pretermodernist/StyleSync/test/features/onboarding/widgets/welcome_page_test.dart: WelcomePage Layout has proper padding
00:12 +124 -3: /Users/pretermodernist/StyleSync/test/features/onboarding/widgets/welcome_page_test.dart: WelcomePage Accessibility has proper accessibility semantics
00:12 +125 -3: /Users/pretermodernist/StyleSync/test/features/onboarding/widgets/welcome_page_test.dart: WelcomePage Accessibility feature cards have accessible text
00:12 +126 -3: /Users/pretermodernist/StyleSync/test/features/onboarding/widgets/welcome_page_test.dart: WelcomePage Accessibility button is keyboard accessible
00:13 +127 -3: /Users/pretermodernist/StyleSync/test/features/onboarding/widgets/tutorial_page_test.dart: TutorialPage Title and description renders tutorial title "How to Get Your Gemini API Key"
00:14 +128 -3: /Users/pretermodernist/StyleSync/test/features/onboarding/widgets/tutorial_page_test.dart: TutorialPage Title and description renders description about Vertex AI
lib/core/auth/auth_providers.dart:59:33: Error: Type 'StateNotifier' not found.
class AuthStateNotifier extends StateNotifier<AuthState> {
                                ^^^^^^^^^^^^^
00:15 +129 -3: /Users/pretermodernist/StyleSync/test/features/onboarding/widgets/tutorial_page_test.dart: TutorialPage Title and description renders important notice about Google Cloud
00:15 +130 -3: /Users/pretermodernist/StyleSync/test/features/onboarding/widgets/tutorial_page_test.dart: TutorialPage Step-by-step instructions displays Step 1: Create a Google Cloud Project
lib/core/auth/auth_providers.dart:284:5: Error: Method not found: 'StateNotifierProvider'.
    StateNotifierProvider<AuthStateNotifier, AuthState>((ref) {
    ^^^^^^^^^^^^^^^^^^^^^
00:15 +131 -3: /Users/pretermodernist/StyleSync/test/auto_tagger_properties_test.dart: Property Tests: Auto-Tagger Privacy Invariant auto-tagger output contains only clothing attributes
00:15 +132 -3: /Users/pretermodernist/StyleSync/test/auto_tagger_properties_test.dart: Property Tests: Auto-Tagger Privacy Invariant auto-tagger output contains only clothing attributes
lib/core/auth/auth_providers.dart:73:11: Error: The setter 'state' isn't defined for the type 'AuthStateNotifier'.
 - 'AuthStateNotifier' is from 'package:stylesync/core/auth/auth_providers.dart' ('lib/core/auth/auth_providers.dart').
Try correcting the name to the name of an existing setter, or defining a setter or field named 'state'.
          state = AuthState.authenticated(profile);
          ^^^^^
lib/core/auth/auth_providers.dart:75:11: Error: The setter 'state' isn't defined for the type 'AuthStateNotifier'.
 - 'AuthStateNotifier' is from 'package:stylesync/core/auth/auth_providers.dart' ('lib/core/auth/auth_providers.dart').
Try correcting the name to the name of an existing setter, or defining a setter or field named 'state'.
          state = const AuthState.unauthenticated();
          ^^^^^
lib/core/auth/auth_providers.dart:78:9: Error: The setter 'state' isn't defined for the type 'AuthStateNotifier'.
 - 'AuthStateNotifier' is from 'package:stylesync/core/auth/auth_providers.dart' ('lib/core/auth/auth_providers.dart').
Try correcting the name to the name of an existing setter, or defining a setter or field named 'state'.
        state = const AuthState.unauthenticated();
        ^^^^^
lib/core/auth/auth_providers.dart:81:7: Error: The setter 'state' isn't defined for the type 'AuthStateNotifier'.
 - 'AuthStateNotifier' is from 'package:stylesync/core/auth/auth_providers.dart' ('lib/core/auth/auth_providers.dart').
Try correcting the name to the name of an existing setter, or defining a setter or field named 'state'.
      state = AuthState.error(e.toString());
      ^^^^^
lib/core/auth/auth_providers.dart:87:5: Error: The setter 'state' isn't defined for the type 'AuthStateNotifier'.
 - 'AuthStateNotifier' is from 'package:stylesync/core/auth/auth_providers.dart' ('lib/core/auth/auth_providers.dart').
Try correcting the name to the name of an existing setter, or defining a setter or field named 'state'.
    state = const AuthState.loading();
    ^^^^^
lib/core/auth/auth_providers.dart:90:7: Error: The setter 'state' isn't defined for the type 'AuthStateNotifier'.
 - 'AuthStateNotifier' is from 'package:stylesync/core/auth/auth_providers.dart' ('lib/core/auth/auth_providers.dart').
Try correcting the name to the name of an existing setter, or defining a setter or field named 'state'.
      state = AuthState.authenticated(profile);
      ^^^^^
lib/core/auth/auth_providers.dart:92:7: Error: The setter 'state' isn't defined for the type 'AuthStateNotifier'.
 - 'AuthStateNotifier' is from 'package:stylesync/core/auth/auth_providers.dart' ('lib/core/auth/auth_providers.dart').
Try correcting the name to the name of an existing setter, or defining a setter or field named 'state'.
      state = AuthState.error(e.toString());
      ^^^^^
lib/core/auth/auth_providers.dart:102:5: Error: The setter 'state' isn't defined for the type 'AuthStateNotifier'.
 - 'AuthStateNotifier' is from 'package:stylesync/core/auth/auth_providers.dart' ('lib/core/auth/auth_providers.dart').
Try correcting the name to the name of an existing setter, or defining a setter or field named 'state'.
    state = const AuthState.loading();
    ^^^^^
lib/core/auth/auth_providers.dart:109:7: Error: The setter 'state' isn't defined for the type 'AuthStateNotifier'.
 - 'AuthStateNotifier' is from 'package:stylesync/core/auth/auth_providers.dart' ('lib/core/auth/auth_providers.dart').
Try correcting the name to the name of an existing setter, or defining a setter or field named 'state'.
      state = AuthState.authenticated(profile);
      ^^^^^
lib/core/auth/auth_providers.dart:111:7: Error: The setter 'state' isn't defined for the type 'AuthStateNotifier'.
 - 'AuthStateNotifier' is from 'package:stylesync/core/auth/auth_providers.dart' ('lib/core/auth/auth_providers.dart').
Try correcting the name to the name of an existing setter, or defining a setter or field named 'state'.
      state = AuthState.error(e.toString());
      ^^^^^
lib/core/auth/auth_providers.dart:117:18: Error: The getter 'state' isn't defined for the type 'AuthStateNotifier'.
 - 'AuthStateNotifier' is from 'package:stylesync/core/auth/auth_providers.dart' ('lib/core/auth/auth_providers.dart').
Try correcting the name to the name of an existing getter, or defining a getter or field named 'state'.
    final prev = state; // Capture current state before operation
                 ^^^^^
lib/core/auth/auth_providers.dart:118:5: Error: The setter 'state' isn't defined for the type 'AuthStateNotifier'.
 - 'AuthStateNotifier' is from 'package:stylesync/core/auth/auth_providers.dart' ('lib/core/auth/auth_providers.dart').
Try correcting the name to the name of an existing setter, or defining a setter or field named 'state'.
    state = const AuthState.loading();
    ^^^^^
lib/core/auth/auth_providers.dart:121:7: Error: The setter 'state' isn't defined for the type 'AuthStateNotifier'.
 - 'AuthStateNotifier' is from 'package:stylesync/core/auth/auth_providers.dart' ('lib/core/auth/auth_providers.dart').
Try correcting the name to the name of an existing setter, or defining a setter or field named 'state'.
      state = const AuthState.unauthenticated();
      ^^^^^
lib/core/auth/auth_providers.dart:125:9: Error: The setter 'state' isn't defined for the type 'AuthStateNotifier'.
 - 'AuthStateNotifier' is from 'package:stylesync/core/auth/auth_providers.dart' ('lib/core/auth/auth_providers.dart').
Try correcting the name to the name of an existing setter, or defining a setter or field named 'state'.
        state = prev.copyWith(errorMessage: e.toString());
        ^^^^^
lib/core/auth/auth_providers.dart:127:9: Error: The setter 'state' isn't defined for the type 'AuthStateNotifier'.
 - 'AuthStateNotifier' is from 'package:stylesync/core/auth/auth_providers.dart' ('lib/core/auth/auth_providers.dart').
Try correcting the name to the name of an existing setter, or defining a setter or field named 'state'.
        state = AuthState.error(e.toString());
        ^^^^^
lib/core/auth/auth_providers.dart:137:9: Error: The getter 'state' isn't defined for the type 'AuthStateNotifier'.
 - 'AuthStateNotifier' is from 'package:stylesync/core/auth/auth_providers.dart' ('lib/core/auth/auth_providers.dart').
Try correcting the name to the name of an existing getter, or defining a getter or field named 'state'.
    if (state.status != AuthStatus.authenticated || state.profile == null) {
        ^^^^^
lib/core/auth/auth_providers.dart:137:53: Error: The getter 'state' isn't defined for the type 'AuthStateNotifier'.
 - 'AuthStateNotifier' is from 'package:stylesync/core/auth/auth_providers.dart' ('lib/core/auth/auth_providers.dart').
Try correcting the name to the name of an existing getter, or defining a getter or field named 'state'.
    if (state.status != AuthStatus.authenticated || state.profile == null) {
                                                    ^^^^^
lib/core/auth/auth_providers.dart:138:7: Error: The setter 'state' isn't defined for the type 'AuthStateNotifier'.
 - 'AuthStateNotifier' is from 'package:stylesync/core/auth/auth_providers.dart' ('lib/core/auth/auth_providers.dart').
Try correcting the name to the name of an existing setter, or defining a setter or field named 'state'.
      state = const AuthState.unauthenticated().copyWith(
      ^^^^^
lib/core/auth/auth_providers.dart:154:9: Error: The setter 'state' isn't defined for the type 'AuthStateNotifier'.
 - 'AuthStateNotifier' is from 'package:stylesync/core/auth/auth_providers.dart' ('lib/core/auth/auth_providers.dart').
Try correcting the name to the name of an existing setter, or defining a setter or field named 'state'.
        state = AuthState.authenticated(
        ^^^^^
lib/core/auth/auth_providers.dart:161:15: Error: The getter 'state' isn't defined for the type 'AuthStateNotifier'.
 - 'AuthStateNotifier' is from 'package:stylesync/core/auth/auth_providers.dart' ('lib/core/auth/auth_providers.dart').
Try correcting the name to the name of an existing getter, or defining a getter or field named 'state'.
      state = state.copyWith(errorMessage: e.toString());
              ^^^^^
lib/core/auth/auth_providers.dart:161:7: Error: The setter 'state' isn't defined for the type 'AuthStateNotifier'.
 - 'AuthStateNotifier' is from 'package:stylesync/core/auth/auth_providers.dart' ('lib/core/auth/auth_providers.dart').
Try correcting the name to the name of an existing setter, or defining a setter or field named 'state'.
      state = state.copyWith(errorMessage: e.toString());
      ^^^^^
lib/core/auth/auth_providers.dart:173:9: Error: The setter 'state' isn't defined for the type 'AuthStateNotifier'.
 - 'AuthStateNotifier' is from 'package:stylesync/core/auth/auth_providers.dart' ('lib/core/auth/auth_providers.dart').
Try correcting the name to the name of an existing setter, or defining a setter or field named 'state'.
        state = AuthState.authenticated(
        ^^^^^
lib/core/auth/auth_providers.dart:180:15: Error: The getter 'state' isn't defined for the type 'AuthStateNotifier'.
 - 'AuthStateNotifier' is from 'package:stylesync/core/auth/auth_providers.dart' ('lib/core/auth/auth_providers.dart').
Try correcting the name to the name of an existing getter, or defining a getter or field named 'state'.
      state = state.copyWith(errorMessage: e.toString());
              ^^^^^
lib/core/auth/auth_providers.dart:180:7: Error: The setter 'state' isn't defined for the type 'AuthStateNotifier'.
 - 'AuthStateNotifier' is from 'package:stylesync/core/auth/auth_providers.dart' ('lib/core/auth/auth_providers.dart').
Try correcting the name to the name of an existing setter, or defining a setter or field named 'state'.
      state = state.copyWith(errorMessage: e.toString());
      ^^^^^
00:15 +133 -3: /Users/pretermodernist/StyleSync/test/auto_tagger_properties_test.dart: Property Tests: Auto-Tagger Privacy Invariant auto-tagger output contains only clothing attributes
00:15 +134 -3: /Users/pretermodernist/StyleSync/test/auto_tagger_properties_test.dart: Property Tests: Auto-Tagger Privacy Invariant auto-tagger output contains only clothing attributes
00:15 +135 -3: /Users/pretermodernist/StyleSync/test/widget_test.dart: Counter increments smoke test
00:15 +136 -3: /Users/pretermodernist/StyleSync/test/widget_test.dart: Counter increments smoke test
00:15 +137 -3: /Users/pretermodernist/StyleSync/test/widget_test.dart: Counter increments smoke test
00:15 +138 -3: /Users/pretermodernist/StyleSync/test/widget_test.dart: Counter increments smoke test
00:15 +139 -3: /Users/pretermodernist/StyleSync/test/widget_test.dart: Counter increments smoke test
00:15 +140 -3: /Users/pretermodernist/StyleSync/test/widget_test.dart: Counter increments smoke test
00:15 +141 -3: /Users/pretermodernist/StyleSync/test/widget_test.dart: Counter increments smoke test
00:15 +142 -3: /Users/pretermodernist/StyleSync/test/widget_test.dart: Counter increments smoke test
00:15 +143 -3: /Users/pretermodernist/StyleSync/test/widget_test.dart: Counter increments smoke test
00:15 +144 -3: /Users/pretermodernist/StyleSync/test/widget_test.dart: Counter increments smoke test
00:15 +145 -3: /Users/pretermodernist/StyleSync/test/widget_test.dart: Counter increments smoke test
00:15 +146 -3: /Users/pretermodernist/StyleSync/test/widget_test.dart: Counter increments smoke test
00:16 +147 -3: /Users/pretermodernist/StyleSync/test/widget_test.dart: Counter increments smoke test
00:16 +148 -3: /Users/pretermodernist/StyleSync/test/widget_test.dart: Counter increments smoke test
00:16 +148 -4: loading /Users/pretermodernist/StyleSync/test/cloud_backup_service_test.dart [E]
  Failed to load "/Users/pretermodernist/StyleSync/test/cloud_backup_service_test.dart":
  Compilation failed for testPath=/Users/pretermodernist/StyleSync/test/cloud_backup_service_test.dart: lib/core/auth/auth_providers.dart:59:33: Error: Type 'StateNotifier' not found.
  class AuthStateNotifier extends StateNotifier<AuthState> {
                                  ^^^^^^^^^^^^^
  lib/core/auth/auth_providers.dart:284:5: Error: Method not found: 'StateNotifierProvider'.
      StateNotifierProvider<AuthStateNotifier, AuthState>((ref) {
      ^^^^^^^^^^^^^^^^^^^^^
  lib/core/auth/auth_providers.dart:73:11: Error: The setter 'state' isn't defined for the type 'AuthStateNotifier'.
   - 'AuthStateNotifier' is from 'package:stylesync/core/auth/auth_providers.dart' ('lib/core/auth/auth_providers.dart').
  Try correcting the name to the name of an existing setter, or defining a setter or field named 'state'.
            state = AuthState.authenticated(profile);
            ^^^^^
  lib/core/auth/auth_providers.dart:75:11: Error: The setter 'state' isn't defined for the type 'AuthStateNotifier'.
   - 'AuthStateNotifier' is from 'package:stylesync/core/auth/auth_providers.dart' ('lib/core/auth/auth_providers.dart').
  Try correcting the name to the name of an existing setter, or defining a setter or field named 'state'.
            state = const AuthState.unauthenticated();
            ^^^^^
  lib/core/auth/auth_providers.dart:78:9: Error: The setter 'state' isn't defined for the type 'AuthStateNotifier'.
   - 'AuthStateNotifier' is from 'package:stylesync/core/auth/auth_providers.dart' ('lib/core/auth/auth_providers.dart').
  Try correcting the name to the name of an existing setter, or defining a setter or field named 'state'.
          state = const AuthState.unauthenticated();
          ^^^^^
  lib/core/auth/auth_providers.dart:81:7: Error: The setter 'state' isn't defined for the type 'AuthStateNotifier'.
   - 'AuthStateNotifier' is from 'package:stylesync/core/auth/auth_providers.dart' ('lib/core/auth/auth_providers.dart').
  Try correcting the name to the name of an existing setter, or defining a setter or field named 'state'.
        state = AuthState.error(e.toString());
        ^^^^^
  lib/core/auth/auth_providers.dart:87:5: Error: The setter 'state' isn't defined for the type 'AuthStateNotifier'.
   - 'AuthStateNotifier' is from 'package:stylesync/core/auth/auth_providers.dart' ('lib/core/auth/auth_providers.dart').
  Try correcting the name to the name of an existing setter, or defining a setter or field named 'state'.
      state = const AuthState.loading();
      ^^^^^
  lib/core/auth/auth_providers.dart:90:7: Error: The setter 'state' isn't defined for the type 'AuthStateNotifier'.
   - 'AuthStateNotifier' is from 'package:stylesync/core/auth/auth_providers.dart' ('lib/core/auth/auth_providers.dart').
  Try correcting the name to the name of an existing setter, or defining a setter or field named 'state'.
        state = AuthState.authenticated(profile);
        ^^^^^
  lib/core/auth/auth_providers.dart:92:7: Error: The setter 'state' isn't defined for the type 'AuthStateNotifier'.
   - 'AuthStateNotifier' is from 'package:stylesync/core/auth/auth_providers.dart' ('lib/core/auth/auth_providers.dart').
  Try correcting the name to the name of an existing setter, or defining a setter or field named 'state'.
        state = AuthState.error(e.toString());
        ^^^^^
  lib/core/auth/auth_providers.dart:102:5: Error: The setter 'state' isn't defined for the type 'AuthStateNotifier'.
   - 'AuthStateNotifier' is from 'package:stylesync/core/auth/auth_providers.dart' ('lib/core/auth/auth_providers.dart').
  Try correcting the name to the name of an existing setter, or defining a setter or field named 'state'.
      state = const AuthState.loading();
      ^^^^^
  lib/core/auth/auth_providers.dart:109:7: Error: The setter 'state' isn't defined for the type 'AuthStateNotifier'.
   - 'AuthStateNotifier' is from 'package:stylesync/core/auth/auth_providers.dart' ('lib/core/auth/auth_providers.dart').
  Try correcting the name to the name of an existing setter, or defining a setter or field named 'state'.
        state = AuthState.authenticated(profile);
        ^^^^^
  lib/core/auth/auth_providers.dart:111:7: Error: The setter 'state' isn't defined for the type 'AuthStateNotifier'.
   - 'AuthStateNotifier' is from 'package:stylesync/core/auth/auth_providers.dart' ('lib/core/auth/auth_providers.dart').
  Try correcting the name to the name of an existing setter, or defining a setter or field named 'state'.
        state = AuthState.error(e.toString());
        ^^^^^
  lib/core/auth/auth_providers.dart:117:18: Error: The getter 'state' isn't defined for the type 'AuthStateNotifier'.
   - 'AuthStateNotifier' is from 'package:stylesync/core/auth/auth_providers.dart' ('lib/core/auth/auth_providers.dart').
  Try correcting the name to the name of an existing getter, or defining a getter or field named 'state'.
      final prev = state; // Capture current state before operation
                   ^^^^^
  lib/core/auth/auth_providers.dart:118:5: Error: The setter 'state' isn't defined for the type 'AuthStateNotifier'.
   - 'AuthStateNotifier' is from 'package:stylesync/core/auth/auth_providers.dart' ('lib/core/auth/auth_providers.dart').
  Try correcting the name to the name of an existing setter, or defining a setter or field named 'state'.
      state = const AuthState.loading();
      ^^^^^
  lib/core/auth/auth_providers.dart:121:7: Error: The setter 'state' isn't defined for the type 'AuthStateNotifier'.
   - 'AuthStateNotifier' is from 'package:stylesync/core/auth/auth_providers.dart' ('lib/core/auth/auth_providers.dart').
  Try correcting the name to the name of an existing setter, or defining a setter or field named 'state'.
        state = const AuthState.unauthenticated();
        ^^^^^
  lib/core/auth/auth_providers.dart:125:9: Error: The setter 'state' isn't defined for the type 'AuthStateNotifier'.
   - 'AuthStateNotifier' is from 'package:stylesync/core/auth/auth_providers.dart' ('lib/core/auth/auth_providers.dart').
  Try correcting the name to the name of an existing setter, or defining a setter or field named 'state'.
          state = prev.copyWith(errorMessage: e.toString());
          ^^^^^
  lib/core/auth/auth_providers.dart:127:9: Error: The setter 'state' isn't defined for the type 'AuthStateNotifier'.
   - 'AuthStateNotifier' is from 'package:stylesync/core/auth/auth_providers.dart' ('lib/core/auth/auth_providers.dart').
  Try correcting the name to the name of an existing setter, or defining a setter or field named 'state'.
          state = AuthState.error(e.toString());
          ^^^^^
  lib/core/auth/auth_providers.dart:137:9: Error: The getter 'state' isn't defined for the type 'AuthStateNotifier'.
   - 'AuthStateNotifier' is from 'package:stylesync/core/auth/auth_providers.dart' ('lib/core/auth/auth_providers.dart').
  Try correcting the name to the name of an existing getter, or defining a getter or field named 'state'.
      if (state.status != AuthStatus.authenticated || state.profile == null) {
          ^^^^^
  lib/core/auth/auth_providers.dart:137:53: Error: The getter 'state' isn't defined for the type 'AuthStateNotifier'.
   - 'AuthStateNotifier' is from 'package:stylesync/core/auth/auth_providers.dart' ('lib/core/auth/auth_providers.dart').
  Try correcting the name to the name of an existing getter, or defining a getter or field named 'state'.
      if (state.status != AuthStatus.authenticated || state.profile == null) {
                                                      ^^^^^
  lib/core/auth/auth_providers.dart:138:7: Error: The setter 'state' isn't defined for the type 'AuthStateNotifier'.
   - 'AuthStateNotifier' is from 'package:stylesync/core/auth/auth_providers.dart' ('lib/core/auth/auth_providers.dart').
  Try correcting the name to the name of an existing setter, or defining a setter or field named 'state'.
        state = const AuthState.unauthenticated().copyWith(
        ^^^^^
  lib/core/auth/auth_providers.dart:154:9: Error: The setter 'state' isn't defined for the type 'AuthStateNotifier'.
   - 'AuthStateNotifier' is from 'package:stylesync/core/auth/auth_providers.dart' ('lib/core/auth/auth_providers.dart').
  Try correcting the name to the name of an existing setter, or defining a setter or field named 'state'.
          state = AuthState.authenticated(
          ^^^^^
  lib/core/auth/auth_providers.dart:161:15: Error: The getter 'state' isn't defined for the type 'AuthStateNotifier'.
   - 'AuthStateNotifier' is from 'package:stylesync/core/auth/auth_providers.dart' ('lib/core/auth/auth_providers.dart').
  Try correcting the name to the name of an existing getter, or defining a getter or field named 'state'.
        state = state.copyWith(errorMessage: e.toString());
                ^^^^^
  lib/core/auth/auth_providers.dart:161:7: Error: The setter 'state' isn't defined for the type 'AuthStateNotifier'.
   - 'AuthStateNotifier' is from 'package:stylesync/core/auth/auth_providers.dart' ('lib/core/auth/auth_providers.dart').
  Try correcting the name to the name of an existing setter, or defining a setter or field named 'state'.
        state = state.copyWith(errorMessage: e.toString());
        ^^^^^
  lib/core/auth/auth_providers.dart:173:9: Error: The setter 'state' isn't defined for the type 'AuthStateNotifier'.
   - 'AuthStateNotifier' is from 'package:stylesync/core/auth/auth_providers.dart' ('lib/core/auth/auth_providers.dart').
  Try correcting the name to the name of an existing setter, or defining a setter or field named 'state'.
          state = AuthState.authenticated(
          ^^^^^
  lib/core/auth/auth_providers.dart:180:15: Error: The getter 'state' isn't defined for the type 'AuthStateNotifier'.
   - 'AuthStateNotifier' is from 'package:stylesync/core/auth/auth_providers.dart' ('lib/core/auth/auth_providers.dart').
  Try correcting the name to the name of an existing getter, or defining a getter or field named 'state'.
        state = state.copyWith(errorMessage: e.toString());
                ^^^^^
  lib/core/auth/auth_providers.dart:180:7: Error: The setter 'state' isn't defined for the type 'AuthStateNotifier'.
   - 'AuthStateNotifier' is from 'package:stylesync/core/auth/auth_providers.dart' ('lib/core/auth/auth_providers.dart').
  Try correcting the name to the name of an existing setter, or defining a setter or field named 'state'.
        state = state.copyWith(errorMessage: e.toString());
        ^^^^^
  .
00:16 +149 -4: /Users/pretermodernist/StyleSync/test/widget_test.dart: Counter increments smoke test
00:16 +150 -4: /Users/pretermodernist/StyleSync/test/widget_test.dart: Counter increments smoke test
00:16 +151 -4: /Users/pretermodernist/StyleSync/test/widget_test.dart: Counter increments smoke test
00:16 +152 -4: /Users/pretermodernist/StyleSync/test/widget_test.dart: Counter increments smoke test
00:16 +153 -4: /Users/pretermodernist/StyleSync/test/widget_test.dart: Counter increments smoke test
00:16 +154 -4: /Users/pretermodernist/StyleSync/test/widget_test.dart: Counter increments smoke test
00:16 +155 -4: /Users/pretermodernist/StyleSync/test/widget_test.dart: Counter increments smoke test
00:16 +156 -4: /Users/pretermodernist/StyleSync/test/widget_test.dart: Counter increments smoke test
lib/core/auth/auth_providers.dart:59:33: Error: Type 'StateNotifier' not found.
class AuthStateNotifier extends StateNotifier<AuthState> {
                                ^^^^^^^^^^^^^
00:19 +157 -4: /Users/pretermodernist/StyleSync/test/crypto_properties_test.dart: Crypto Property Tests Encryption round-trip preserves data (testing 100 inputs)
lib/core/auth/auth_providers.dart:284:5: Error: Method not found: 'StateNotifierProvider'.
    StateNotifierProvider<AuthStateNotifier, AuthState>((ref) {
    ^^^^^^^^^^^^^^^^^^^^^
00:19 +158 -4: /Users/pretermodernist/StyleSync/test/crypto_properties_test.dart: Crypto Property Tests Encryption round-trip preserves data (testing 100 inputs)
00:20 +159 -4: /Users/pretermodernist/StyleSync/test/key_derivation_service_test.dart: KeyDerivationService Unit Tests deriveKey produces consistent results for Argon2id
lib/core/auth/auth_providers.dart:73:11: Error: The setter 'state' isn't defined for the type 'AuthStateNotifier'.
 - 'AuthStateNotifier' is from 'package:stylesync/core/auth/auth_providers.dart' ('lib/core/auth/auth_providers.dart').
Try correcting the name to the name of an existing setter, or defining a setter or field named 'state'.
          state = AuthState.authenticated(profile);
          ^^^^^
lib/core/auth/auth_providers.dart:75:11: Error: The setter 'state' isn't defined for the type 'AuthStateNotifier'.
 - 'AuthStateNotifier' is from 'package:stylesync/core/auth/auth_providers.dart' ('lib/core/auth/auth_providers.dart').
Try correcting the name to the name of an existing setter, or defining a setter or field named 'state'.
          state = const AuthState.unauthenticated();
          ^^^^^
lib/core/auth/auth_providers.dart:78:9: Error: The setter 'state' isn't defined for the type 'AuthStateNotifier'.
 - 'AuthStateNotifier' is from 'package:stylesync/core/auth/auth_providers.dart' ('lib/core/auth/auth_providers.dart').
Try correcting the name to the name of an existing setter, or defining a setter or field named 'state'.
        state = const AuthState.unauthenticated();
        ^^^^^
lib/core/auth/auth_providers.dart:81:7: Error: The setter 'state' isn't defined for the type 'AuthStateNotifier'.
 - 'AuthStateNotifier' is from 'package:stylesync/core/auth/auth_providers.dart' ('lib/core/auth/auth_providers.dart').
Try correcting the name to the name of an existing setter, or defining a setter or field named 'state'.
      state = AuthState.error(e.toString());
      ^^^^^
lib/core/auth/auth_providers.dart:87:5: Error: The setter 'state' isn't defined for the type 'AuthStateNotifier'.
 - 'AuthStateNotifier' is from 'package:stylesync/core/auth/auth_providers.dart' ('lib/core/auth/auth_providers.dart').
Try correcting the name to the name of an existing setter, or defining a setter or field named 'state'.
    state = const AuthState.loading();
    ^^^^^
lib/core/auth/auth_providers.dart:90:7: Error: The setter 'state' isn't defined for the type 'AuthStateNotifier'.
 - 'AuthStateNotifier' is from 'package:stylesync/core/auth/auth_providers.dart' ('lib/core/auth/auth_providers.dart').
Try correcting the name to the name of an existing setter, or defining a setter or field named 'state'.
      state = AuthState.authenticated(profile);
      ^^^^^
lib/core/auth/auth_providers.dart:92:7: Error: The setter 'state' isn't defined for the type 'AuthStateNotifier'.
 - 'AuthStateNotifier' is from 'package:stylesync/core/auth/auth_providers.dart' ('lib/core/auth/auth_providers.dart').
Try correcting the name to the name of an existing setter, or defining a setter or field named 'state'.
      state = AuthState.error(e.toString());
      ^^^^^
lib/core/auth/auth_providers.dart:102:5: Error: The setter 'state' isn't defined for the type 'AuthStateNotifier'.
 - 'AuthStateNotifier' is from 'package:stylesync/core/auth/auth_providers.dart' ('lib/core/auth/auth_providers.dart').
Try correcting the name to the name of an existing setter, or defining a setter or field named 'state'.
    state = const AuthState.loading();
    ^^^^^
lib/core/auth/auth_providers.dart:109:7: Error: The setter 'state' isn't defined for the type 'AuthStateNotifier'.
 - 'AuthStateNotifier' is from 'package:stylesync/core/auth/auth_providers.dart' ('lib/core/auth/auth_providers.dart').
Try correcting the name to the name of an existing setter, or defining a setter or field named 'state'.
      state = AuthState.authenticated(profile);
      ^^^^^
lib/core/auth/auth_providers.dart:111:7: Error: The setter 'state' isn't defined for the type 'AuthStateNotifier'.
 - 'AuthStateNotifier' is from 'package:stylesync/core/auth/auth_providers.dart' ('lib/core/auth/auth_providers.dart').
Try correcting the name to the name of an existing setter, or defining a setter or field named 'state'.
      state = AuthState.error(e.toString());
      ^^^^^
lib/core/auth/auth_providers.dart:117:18: Error: The getter 'state' isn't defined for the type 'AuthStateNotifier'.
 - 'AuthStateNotifier' is from 'package:stylesync/core/auth/auth_providers.dart' ('lib/core/auth/auth_providers.dart').
Try correcting the name to the name of an existing getter, or defining a getter or field named 'state'.
    final prev = state; // Capture current state before operation
                 ^^^^^
lib/core/auth/auth_providers.dart:118:5: Error: The setter 'state' isn't defined for the type 'AuthStateNotifier'.
 - 'AuthStateNotifier' is from 'package:stylesync/core/auth/auth_providers.dart' ('lib/core/auth/auth_providers.dart').
Try correcting the name to the name of an existing setter, or defining a setter or field named 'state'.
    state = const AuthState.loading();
    ^^^^^
lib/core/auth/auth_providers.dart:121:7: Error: The setter 'state' isn't defined for the type 'AuthStateNotifier'.
 - 'AuthStateNotifier' is from 'package:stylesync/core/auth/auth_providers.dart' ('lib/core/auth/auth_providers.dart').
Try correcting the name to the name of an existing setter, or defining a setter or field named 'state'.
      state = const AuthState.unauthenticated();
      ^^^^^
lib/core/auth/auth_providers.dart:125:9: Error: The setter 'state' isn't defined for the type 'AuthStateNotifier'.
 - 'AuthStateNotifier' is from 'package:stylesync/core/auth/auth_providers.dart' ('lib/core/auth/auth_providers.dart').
Try correcting the name to the name of an existing setter, or defining a setter or field named 'state'.
        state = prev.copyWith(errorMessage: e.toString());
        ^^^^^
lib/core/auth/auth_providers.dart:127:9: Error: The setter 'state' isn't defined for the type 'AuthStateNotifier'.
 - 'AuthStateNotifier' is from 'package:stylesync/core/auth/auth_providers.dart' ('lib/core/auth/auth_providers.dart').
Try correcting the name to the name of an existing setter, or defining a setter or field named 'state'.
        state = AuthState.error(e.toString());
        ^^^^^
lib/core/auth/auth_providers.dart:137:9: Error: The getter 'state' isn't defined for the type 'AuthStateNotifier'.
 - 'AuthStateNotifier' is from 'package:stylesync/core/auth/auth_providers.dart' ('lib/core/auth/auth_providers.dart').
Try correcting the name to the name of an existing getter, or defining a getter or field named 'state'.
    if (state.status != AuthStatus.authenticated || state.profile == null) {
        ^^^^^
lib/core/auth/auth_providers.dart:137:53: Error: The getter 'state' isn't defined for the type 'AuthStateNotifier'.
 - 'AuthStateNotifier' is from 'package:stylesync/core/auth/auth_providers.dart' ('lib/core/auth/auth_providers.dart').
Try correcting the name to the name of an existing getter, or defining a getter or field named 'state'.
    if (state.status != AuthStatus.authenticated || state.profile == null) {
                                                    ^^^^^
lib/core/auth/auth_providers.dart:138:7: Error: The setter 'state' isn't defined for the type 'AuthStateNotifier'.
 - 'AuthStateNotifier' is from 'package:stylesync/core/auth/auth_providers.dart' ('lib/core/auth/auth_providers.dart').
Try correcting the name to the name of an existing setter, or defining a setter or field named 'state'.
      state = const AuthState.unauthenticated().copyWith(
      ^^^^^
lib/core/auth/auth_providers.dart:154:9: Error: The setter 'state' isn't defined for the type 'AuthStateNotifier'.
 - 'AuthStateNotifier' is from 'package:stylesync/core/auth/auth_providers.dart' ('lib/core/auth/auth_providers.dart').
Try correcting the name to the name of an existing setter, or defining a setter or field named 'state'.
        state = AuthState.authenticated(
        ^^^^^
lib/core/auth/auth_providers.dart:161:15: Error: The getter 'state' isn't defined for the type 'AuthStateNotifier'.
 - 'AuthStateNotifier' is from 'package:stylesync/core/auth/auth_providers.dart' ('lib/core/auth/auth_providers.dart').
Try correcting the name to the name of an existing getter, or defining a getter or field named 'state'.
      state = state.copyWith(errorMessage: e.toString());
              ^^^^^
lib/core/auth/auth_providers.dart:161:7: Error: The setter 'state' isn't defined for the type 'AuthStateNotifier'.
 - 'AuthStateNotifier' is from 'package:stylesync/core/auth/auth_providers.dart' ('lib/core/auth/auth_providers.dart').
Try correcting the name to the name of an existing setter, or defining a setter or field named 'state'.
      state = state.copyWith(errorMessage: e.toString());
      ^^^^^
lib/core/auth/auth_providers.dart:173:9: Error: The setter 'state' isn't defined for the type 'AuthStateNotifier'.
 - 'AuthStateNotifier' is from 'package:stylesync/core/auth/auth_providers.dart' ('lib/core/auth/auth_providers.dart').
Try correcting the name to the name of an existing setter, or defining a setter or field named 'state'.
        state = AuthState.authenticated(
        ^^^^^
lib/core/auth/auth_providers.dart:180:15: Error: The getter 'state' isn't defined for the type 'AuthStateNotifier'.
 - 'AuthStateNotifier' is from 'package:stylesync/core/auth/auth_providers.dart' ('lib/core/auth/auth_providers.dart').
Try correcting the name to the name of an existing getter, or defining a getter or field named 'state'.
      state = state.copyWith(errorMessage: e.toString());
              ^^^^^
lib/core/auth/auth_providers.dart:180:7: Error: The setter 'state' isn't defined for the type 'AuthStateNotifier'.
 - 'AuthStateNotifier' is from 'package:stylesync/core/auth/auth_providers.dart' ('lib/core/auth/auth_providers.dart').
Try correcting the name to the name of an existing setter, or defining a setter or field named 'state'.
      state = state.copyWith(errorMessage: e.toString());
      ^^^^^
00:20 +160 -4: /Users/pretermodernist/StyleSync/test/crypto_properties_test.dart: Crypto Property Tests KDF is consistent for same inputs (testing 100 inputs)
00:20 +161 -4: /Users/pretermodernist/StyleSync/test/crypto_properties_test.dart: Crypto Property Tests KDF is consistent for same inputs (testing 100 inputs)
00:20 +162 -4: /Users/pretermodernist/StyleSync/test/crypto_properties_test.dart: Crypto Property Tests KDF is consistent for same inputs (testing 100 inputs)
00:20 +163 -4: /Users/pretermodernist/StyleSync/test/crypto_properties_test.dart: Crypto Property Tests KDF is consistent for same inputs (testing 100 inputs)
00:20 +164 -4: /Users/pretermodernist/StyleSync/test/crypto_properties_test.dart: Crypto Property Tests KDF is consistent for same inputs (testing 100 inputs)
00:20 +165 -4: /Users/pretermodernist/StyleSync/test/crypto_properties_test.dart: Crypto Property Tests KDF is consistent for same inputs (testing 100 inputs)
00:20 +166 -4: /Users/pretermodernist/StyleSync/test/crypto_properties_test.dart: Crypto Property Tests KDF is consistent for same inputs (testing 100 inputs)
00:20 +167 -4: /Users/pretermodernist/StyleSync/test/crypto_properties_test.dart: Crypto Property Tests KDF is consistent for same inputs (testing 100 inputs)
00:20 +168 -4: /Users/pretermodernist/StyleSync/test/crypto_properties_test.dart: Crypto Property Tests KDF is consistent for same inputs (testing 100 inputs)
00:20 +169 -4: /Users/pretermodernist/StyleSync/test/crypto_properties_test.dart: Crypto Property Tests KDF is consistent for same inputs (testing 100 inputs)
00:20 +170 -4: /Users/pretermodernist/StyleSync/test/crypto_properties_test.dart: Crypto Property Tests KDF is consistent for same inputs (testing 100 inputs)
00:20 +171 -4: /Users/pretermodernist/StyleSync/test/crypto_properties_test.dart: Crypto Property Tests KDF is consistent for same inputs (testing 100 inputs)
00:20 +172 -4: /Users/pretermodernist/StyleSync/test/crypto_properties_test.dart: Crypto Property Tests KDF is consistent for same inputs (testing 100 inputs)
00:20 +173 -4: /Users/pretermodernist/StyleSync/test/crypto_properties_test.dart: Crypto Property Tests KDF is consistent for same inputs (testing 100 inputs)
00:20 +173 -5: loading /Users/pretermodernist/StyleSync/test/byok_manager_test.dart [E]
  Failed to load "/Users/pretermodernist/StyleSync/test/byok_manager_test.dart":
  Compilation failed for testPath=/Users/pretermodernist/StyleSync/test/byok_manager_test.dart: lib/core/auth/auth_providers.dart:59:33: Error: Type 'StateNotifier' not found.
  class AuthStateNotifier extends StateNotifier<AuthState> {
                                  ^^^^^^^^^^^^^
  lib/core/auth/auth_providers.dart:284:5: Error: Method not found: 'StateNotifierProvider'.
      StateNotifierProvider<AuthStateNotifier, AuthState>((ref) {
      ^^^^^^^^^^^^^^^^^^^^^
  lib/core/auth/auth_providers.dart:73:11: Error: The setter 'state' isn't defined for the type 'AuthStateNotifier'.
   - 'AuthStateNotifier' is from 'package:stylesync/core/auth/auth_providers.dart' ('lib/core/auth/auth_providers.dart').
  Try correcting the name to the name of an existing setter, or defining a setter or field named 'state'.
            state = AuthState.authenticated(profile);
            ^^^^^
  lib/core/auth/auth_providers.dart:75:11: Error: The setter 'state' isn't defined for the type 'AuthStateNotifier'.
   - 'AuthStateNotifier' is from 'package:stylesync/core/auth/auth_providers.dart' ('lib/core/auth/auth_providers.dart').
  Try correcting the name to the name of an existing setter, or defining a setter or field named 'state'.
            state = const AuthState.unauthenticated();
            ^^^^^
  lib/core/auth/auth_providers.dart:78:9: Error: The setter 'state' isn't defined for the type 'AuthStateNotifier'.
   - 'AuthStateNotifier' is from 'package:stylesync/core/auth/auth_providers.dart' ('lib/core/auth/auth_providers.dart').
  Try correcting the name to the name of an existing setter, or defining a setter or field named 'state'.
          state = const AuthState.unauthenticated();
          ^^^^^
  lib/core/auth/auth_providers.dart:81:7: Error: The setter 'state' isn't defined for the type 'AuthStateNotifier'.
   - 'AuthStateNotifier' is from 'package:stylesync/core/auth/auth_providers.dart' ('lib/core/auth/auth_providers.dart').
  Try correcting the name to the name of an existing setter, or defining a setter or field named 'state'.
        state = AuthState.error(e.toString());
        ^^^^^
  lib/core/auth/auth_providers.dart:87:5: Error: The setter 'state' isn't defined for the type 'AuthStateNotifier'.
   - 'AuthStateNotifier' is from 'package:stylesync/core/auth/auth_providers.dart' ('lib/core/auth/auth_providers.dart').
  Try correcting the name to the name of an existing setter, or defining a setter or field named 'state'.
      state = const AuthState.loading();
      ^^^^^
  lib/core/auth/auth_providers.dart:90:7: Error: The setter 'state' isn't defined for the type 'AuthStateNotifier'.
   - 'AuthStateNotifier' is from 'package:stylesync/core/auth/auth_providers.dart' ('lib/core/auth/auth_providers.dart').
  Try correcting the name to the name of an existing setter, or defining a setter or field named 'state'.
        state = AuthState.authenticated(profile);
        ^^^^^
  lib/core/auth/auth_providers.dart:92:7: Error: The setter 'state' isn't defined for the type 'AuthStateNotifier'.
   - 'AuthStateNotifier' is from 'package:stylesync/core/auth/auth_providers.dart' ('lib/core/auth/auth_providers.dart').
  Try correcting the name to the name of an existing setter, or defining a setter or field named 'state'.
        state = AuthState.error(e.toString());
        ^^^^^
  lib/core/auth/auth_providers.dart:102:5: Error: The setter 'state' isn't defined for the type 'AuthStateNotifier'.
   - 'AuthStateNotifier' is from 'package:stylesync/core/auth/auth_providers.dart' ('lib/core/auth/auth_providers.dart').
  Try correcting the name to the name of an existing setter, or defining a setter or field named 'state'.
      state = const AuthState.loading();
      ^^^^^
  lib/core/auth/auth_providers.dart:109:7: Error: The setter 'state' isn't defined for the type 'AuthStateNotifier'.
   - 'AuthStateNotifier' is from 'package:stylesync/core/auth/auth_providers.dart' ('lib/core/auth/auth_providers.dart').
  Try correcting the name to the name of an existing setter, or defining a setter or field named 'state'.
        state = AuthState.authenticated(profile);
        ^^^^^
  lib/core/auth/auth_providers.dart:111:7: Error: The setter 'state' isn't defined for the type 'AuthStateNotifier'.
   - 'AuthStateNotifier' is from 'package:stylesync/core/auth/auth_providers.dart' ('lib/core/auth/auth_providers.dart').
  Try correcting the name to the name of an existing setter, or defining a setter or field named 'state'.
        state = AuthState.error(e.toString());
        ^^^^^
  lib/core/auth/auth_providers.dart:117:18: Error: The getter 'state' isn't defined for the type 'AuthStateNotifier'.
   - 'AuthStateNotifier' is from 'package:stylesync/core/auth/auth_providers.dart' ('lib/core/auth/auth_providers.dart').
  Try correcting the name to the name of an existing getter, or defining a getter or field named 'state'.
      final prev = state; // Capture current state before operation
                   ^^^^^
  lib/core/auth/auth_providers.dart:118:5: Error: The setter 'state' isn't defined for the type 'AuthStateNotifier'.
   - 'AuthStateNotifier' is from 'package:stylesync/core/auth/auth_providers.dart' ('lib/core/auth/auth_providers.dart').
  Try correcting the name to the name of an existing setter, or defining a setter or field named 'state'.
      state = const AuthState.loading();
      ^^^^^
  lib/core/auth/auth_providers.dart:121:7: Error: The setter 'state' isn't defined for the type 'AuthStateNotifier'.
   - 'AuthStateNotifier' is from 'package:stylesync/core/auth/auth_providers.dart' ('lib/core/auth/auth_providers.dart').
  Try correcting the name to the name of an existing setter, or defining a setter or field named 'state'.
        state = const AuthState.unauthenticated();
        ^^^^^
  lib/core/auth/auth_providers.dart:125:9: Error: The setter 'state' isn't defined for the type 'AuthStateNotifier'.
   - 'AuthStateNotifier' is from 'package:stylesync/core/auth/auth_providers.dart' ('lib/core/auth/auth_providers.dart').
  Try correcting the name to the name of an existing setter, or defining a setter or field named 'state'.
          state = prev.copyWith(errorMessage: e.toString());
          ^^^^^
  lib/core/auth/auth_providers.dart:127:9: Error: The setter 'state' isn't defined for the type 'AuthStateNotifier'.
   - 'AuthStateNotifier' is from 'package:stylesync/core/auth/auth_providers.dart' ('lib/core/auth/auth_providers.dart').
  Try correcting the name to the name of an existing setter, or defining a setter or field named 'state'.
          state = AuthState.error(e.toString());
          ^^^^^
  lib/core/auth/auth_providers.dart:137:9: Error: The getter 'state' isn't defined for the type 'AuthStateNotifier'.
   - 'AuthStateNotifier' is from 'package:stylesync/core/auth/auth_providers.dart' ('lib/core/auth/auth_providers.dart').
  Try correcting the name to the name of an existing getter, or defining a getter or field named 'state'.
      if (state.status != AuthStatus.authenticated || state.profile == null) {
          ^^^^^
  lib/core/auth/auth_providers.dart:137:53: Error: The getter 'state' isn't defined for the type 'AuthStateNotifier'.
   - 'AuthStateNotifier' is from 'package:stylesync/core/auth/auth_providers.dart' ('lib/core/auth/auth_providers.dart').
  Try correcting the name to the name of an existing getter, or defining a getter or field named 'state'.
      if (state.status != AuthStatus.authenticated || state.profile == null) {
                                                      ^^^^^
  lib/core/auth/auth_providers.dart:138:7: Error: The setter 'state' isn't defined for the type 'AuthStateNotifier'.
   - 'AuthStateNotifier' is from 'package:stylesync/core/auth/auth_providers.dart' ('lib/core/auth/auth_providers.dart').
  Try correcting the name to the name of an existing setter, or defining a setter or field named 'state'.
        state = const AuthState.unauthenticated().copyWith(
        ^^^^^
  lib/core/auth/auth_providers.dart:154:9: Error: The setter 'state' isn't defined for the type 'AuthStateNotifier'.
   - 'AuthStateNotifier' is from 'package:stylesync/core/auth/auth_providers.dart' ('lib/core/auth/auth_providers.dart').
  Try correcting the name to the name of an existing setter, or defining a setter or field named 'state'.
          state = AuthState.authenticated(
          ^^^^^
  lib/core/auth/auth_providers.dart:161:15: Error: The getter 'state' isn't defined for the type 'AuthStateNotifier'.
   - 'AuthStateNotifier' is from 'package:stylesync/core/auth/auth_providers.dart' ('lib/core/auth/auth_providers.dart').
  Try correcting the name to the name of an existing getter, or defining a getter or field named 'state'.
        state = state.copyWith(errorMessage: e.toString());
                ^^^^^
  lib/core/auth/auth_providers.dart:161:7: Error: The setter 'state' isn't defined for the type 'AuthStateNotifier'.
   - 'AuthStateNotifier' is from 'package:stylesync/core/auth/auth_providers.dart' ('lib/core/auth/auth_providers.dart').
  Try correcting the name to the name of an existing setter, or defining a setter or field named 'state'.
        state = state.copyWith(errorMessage: e.toString());
        ^^^^^
  lib/core/auth/auth_providers.dart:173:9: Error: The setter 'state' isn't defined for the type 'AuthStateNotifier'.
   - 'AuthStateNotifier' is from 'package:stylesync/core/auth/auth_providers.dart' ('lib/core/auth/auth_providers.dart').
  Try correcting the name to the name of an existing setter, or defining a setter or field named 'state'.
          state = AuthState.authenticated(
          ^^^^^
  lib/core/auth/auth_providers.dart:180:15: Error: The getter 'state' isn't defined for the type 'AuthStateNotifier'.
   - 'AuthStateNotifier' is from 'package:stylesync/core/auth/auth_providers.dart' ('lib/core/auth/auth_providers.dart').
  Try correcting the name to the name of an existing getter, or defining a getter or field named 'state'.
        state = state.copyWith(errorMessage: e.toString());
                ^^^^^
  lib/core/auth/auth_providers.dart:180:7: Error: The setter 'state' isn't defined for the type 'AuthStateNotifier'.
   - 'AuthStateNotifier' is from 'package:stylesync/core/auth/auth_providers.dart' ('lib/core/auth/auth_providers.dart').
  Try correcting the name to the name of an existing setter, or defining a setter or field named 'state'.
        state = state.copyWith(errorMessage: e.toString());
        ^^^^^
  .
00:20 +174 -5: /Users/pretermodernist/StyleSync/test/crypto_properties_test.dart: Crypto Property Tests KDF is consistent for same inputs (testing 100 inputs)
00:20 +175 -5: /Users/pretermodernist/StyleSync/test/crypto_properties_test.dart: Crypto Property Tests KDF is consistent for same inputs (testing 100 inputs)
00:20 +176 -5: /Users/pretermodernist/StyleSync/test/crypto_properties_test.dart: Crypto Property Tests KDF is consistent for same inputs (testing 100 inputs)
00:20 +177 -5: /Users/pretermodernist/StyleSync/test/crypto_properties_test.dart: Crypto Property Tests KDF is consistent for same inputs (testing 100 inputs)
00:20 +178 -5: /Users/pretermodernist/StyleSync/test/crypto_properties_test.dart: Crypto Property Tests KDF is consistent for same inputs (testing 100 inputs)
00:20 +179 -5: /Users/pretermodernist/StyleSync/test/crypto_properties_test.dart: Crypto Property Tests KDF is consistent for same inputs (testing 100 inputs)
00:20 +180 -5: /Users/pretermodernist/StyleSync/test/crypto_properties_test.dart: Crypto Property Tests KDF is consistent for same inputs (testing 100 inputs)
00:21 +181 -5: /Users/pretermodernist/StyleSync/test/crypto_properties_test.dart: Crypto Property Tests KDF is consistent for same inputs (testing 100 inputs)
00:21 +182 -5: /Users/pretermodernist/StyleSync/test/crypto_properties_test.dart: Crypto Property Tests KDF is consistent for same inputs (testing 100 inputs)
00:23 +183 -5: /Users/pretermodernist/StyleSync/test/crypto_properties_test.dart: Crypto Property Tests KDF is consistent for same inputs (testing 100 inputs)
00:23 +184 -5: /Users/pretermodernist/StyleSync/test/crypto_properties_test.dart: Crypto Property Tests KDF is consistent for same inputs (testing 100 inputs)
00:23 +185 -5: /Users/pretermodernist/StyleSync/test/crypto_properties_test.dart: Crypto Property Tests KDF is consistent for same inputs (testing 100 inputs)
00:24 +186 -5: /Users/pretermodernist/StyleSync/test/crypto_properties_test.dart: Crypto Property Tests KDF is consistent for same inputs (testing 100 inputs)
00:24 +187 -5: /Users/pretermodernist/StyleSync/test/crypto_properties_test.dart: Crypto Property Tests KDF is consistent for same inputs (testing 100 inputs)
00:24 +188 -5: /Users/pretermodernist/StyleSync/test/crypto_properties_test.dart: Crypto Property Tests KDF is consistent for same inputs (testing 100 inputs)
00:24 +189 -5: /Users/pretermodernist/StyleSync/test/crypto_properties_test.dart: Crypto Property Tests KDF is consistent for same inputs (testing 100 inputs)
00:24 +190 -5: /Users/pretermodernist/StyleSync/test/face_detection_consent_properties_test.dart: Property Tests: Face Detection Consent Enforcement FaceDetectionConsentDialog renders correctly
00:24 +191 -5: /Users/pretermodernist/StyleSync/test/face_detection_consent_properties_test.dart: Property Tests: Face Detection Consent Enforcement FaceDetectionConsentDialog renders correctly
00:24 +192 -5: /Users/pretermodernist/StyleSync/test/face_detection_consent_properties_test.dart: Property Tests: Face Detection Consent Enforcement FaceDetectionConsentDialog renders correctly
00:24 +193 -5: /Users/pretermodernist/StyleSync/test/face_detection_consent_properties_test.dart: Property Tests: Face Detection Consent Enforcement FaceDetectionConsentDialog renders correctly
00:24 +194 -5: /Users/pretermodernist/StyleSync/test/face_detection_consent_properties_test.dart: Property Tests: Face Detection Consent Enforcement FaceDetectionConsentDialog renders correctly
00:24 +195 -5: /Users/pretermodernist/StyleSync/test/crypto_properties_test.dart: Crypto Property Tests PBKDF2 KDF is consistent for same inputs (testing 100 inputs)
00:25 +196 -5: /Users/pretermodernist/StyleSync/test/crypto_properties_test.dart: Crypto Property Tests PBKDF2 KDF is consistent for same inputs (testing 100 inputs)
00:25 +197 -5: /Users/pretermodernist/StyleSync/test/crypto_properties_test.dart: Crypto Property Tests PBKDF2 KDF is consistent for same inputs (testing 100 inputs)
00:25 +198 -5: /Users/pretermodernist/StyleSync/test/crypto_properties_test.dart: Crypto Property Tests PBKDF2 KDF is consistent for same inputs (testing 100 inputs)
00:25 +199 -5: /Users/pretermodernist/StyleSync/test/crypto_properties_test.dart: Crypto Property Tests PBKDF2 KDF is consistent for same inputs (testing 100 inputs)
00:25 +200 -5: /Users/pretermodernist/StyleSync/test/crypto_properties_test.dart: Crypto Property Tests deriveKey throws ArgumentError for empty passphrase
00:25 +201 -5: /Users/pretermodernist/StyleSync/test/crypto_properties_test.dart: Crypto Property Tests Decryption with wrong key fails (testing 100 inputs)
00:26 +202 -5: Some tests failed.
